True
Training on Real Data
Dataset: mnist
Effective batch-size is 128 * 1 = 128.
synth sampled has length 0
Checkpoint will be saved to /dcs/22/u2211900/ddpm-torch/chkpts/mnist/mnist_120 every 50 epoch(s)
Generated images (x64) will be saved to /dcs/22/u2211900/ddpm-torch/images/train/mnist every 50 epoch(s)
cuDNN benchmark: ON
Training starts...
Dataset: mnist
Effective batch-size is 128 * 1 = 128.
shape of samples is (128, 1, 32, 32)
synth sampled has length 128
Checkpoint will be saved to /dcs/22/u2211900/ddpm-torch/chkpts/mnist/mnist_120 every 50 epoch(s)
Generated images (x64) will be saved to /dcs/22/u2211900/ddpm-torch/images/train/mnist every 50 epoch(s)
cuDNN benchmark: ON
Training starts...
Dataset: mnist
Effective batch-size is 128 * 1 = 128.
shape of samples is (128, 1, 32, 32)
synth sampled has length 128
Checkpoint will be saved to /dcs/22/u2211900/ddpm-torch/chkpts/mnist/mnist_120 every 50 epoch(s)
Generated images (x64) will be saved to /dcs/22/u2211900/ddpm-torch/images/train/mnist every 50 epoch(s)
cuDNN benchmark: ON
Training starts...
Dataset: mnist
Effective batch-size is 128 * 1 = 128.
shape of samples is (128, 1, 32, 32)
synth sampled has length 128
Checkpoint will be saved to /dcs/22/u2211900/ddpm-torch/chkpts/mnist/mnist_120 every 50 epoch(s)
Generated images (x64) will be saved to /dcs/22/u2211900/ddpm-torch/images/train/mnist every 50 epoch(s)
cuDNN benchmark: ON
Training starts...
Dataset: mnist
Effective batch-size is 128 * 1 = 128.
shape of samples is (128, 1, 32, 32)
synth sampled has length 128
Checkpoint will be saved to /dcs/22/u2211900/ddpm-torch/chkpts/mnist/mnist_120 every 50 epoch(s)
Generated images (x64) will be saved to /dcs/22/u2211900/ddpm-torch/images/train/mnist every 50 epoch(s)
cuDNN benchmark: ON
Training starts...
Dataset: mnist
Effective batch-size is 128 * 1 = 128.
shape of samples is (128, 1, 32, 32)
synth sampled has length 128
Checkpoint will be saved to /dcs/22/u2211900/ddpm-torch/chkpts/mnist/mnist_120 every 50 epoch(s)
Generated images (x64) will be saved to /dcs/22/u2211900/ddpm-torch/images/train/mnist every 50 epoch(s)
cuDNN benchmark: ON
Training starts...
True
Training on Real Data
Dataset: mnist
Effective batch-size is 128 * 1 = 128.
synth sampled has length 0
Checkpoint will be saved to /dcs/22/u2211900/ddpm-torch/chkpts/mnist/mnist_120 every 50 epoch(s)
Generated images (x64) will be saved to /dcs/22/u2211900/ddpm-torch/images/train/mnist every 50 epoch(s)
cuDNN benchmark: ON
Training starts...
Dataset: mnist
Effective batch-size is 128 * 1 = 128.
shape of samples is (64, 1, 32, 32)
synth sampled has length 64
Checkpoint will be saved to /dcs/22/u2211900/ddpm-torch/chkpts/mnist/mnist_120 every 50 epoch(s)
Generated images (x64) will be saved to /dcs/22/u2211900/ddpm-torch/images/train/mnist every 50 epoch(s)
cuDNN benchmark: ON
Training starts...
Dataset: mnist
Effective batch-size is 128 * 1 = 128.
shape of samples is (64, 1, 32, 32)
synth sampled has length 64
Checkpoint will be saved to /dcs/22/u2211900/ddpm-torch/chkpts/mnist/mnist_120 every 50 epoch(s)
Generated images (x64) will be saved to /dcs/22/u2211900/ddpm-torch/images/train/mnist every 50 epoch(s)
cuDNN benchmark: ON
Training starts...
Dataset: mnist
Effective batch-size is 128 * 1 = 128.
shape of samples is (64, 1, 32, 32)
synth sampled has length 64
Checkpoint will be saved to /dcs/22/u2211900/ddpm-torch/chkpts/mnist/mnist_120 every 50 epoch(s)
Generated images (x64) will be saved to /dcs/22/u2211900/ddpm-torch/images/train/mnist every 50 epoch(s)
cuDNN benchmark: ON
Training starts...
Dataset: mnist
Effective batch-size is 128 * 1 = 128.
shape of samples is (64, 1, 32, 32)
synth sampled has length 64
Checkpoint will be saved to /dcs/22/u2211900/ddpm-torch/chkpts/mnist/mnist_120 every 50 epoch(s)
Generated images (x64) will be saved to /dcs/22/u2211900/ddpm-torch/images/train/mnist every 50 epoch(s)
cuDNN benchmark: ON
Training starts...
Dataset: mnist
Effective batch-size is 128 * 1 = 128.
shape of samples is (64, 1, 32, 32)
synth sampled has length 64
Checkpoint will be saved to /dcs/22/u2211900/ddpm-torch/chkpts/mnist/mnist_120 every 50 epoch(s)
Generated images (x64) will be saved to /dcs/22/u2211900/ddpm-torch/images/train/mnist every 50 epoch(s)
cuDNN benchmark: ON
Training starts...
