True
Training on Real Data
epochs: 200
Dataset: mnist
Effective batch-size is 128 * 1 = 128.
synth sampled has length 0
Checkpoint will be saved to /dcs/22/u2211900/ddpm-torch/chkpts/mnist/mnist_200_1.0.pt every 200 epoch(s)
Generated images (x64) will be saved to /dcs/22/u2211900/ddpm-torch/images/train/mnist every 10 epoch(s)
starting epoch is 200
Chekpoint loaded sccessfully from chkpts/mnist/mnist_200_1.0.pt
cuDNN benchmark: ON
Training starts...
Training completed!
epochs: 250
Dataset: mnist
Effective batch-size is 128 * 1 = 128.
shape of samples is (128, 1, 32, 32)
synth sampled has length 128
Checkpoint will be saved to /dcs/22/u2211900/ddpm-torch/chkpts/mnist/mnist_250_1.0.pt every 250 epoch(s)
Generated images (x64) will be saved to /dcs/22/u2211900/ddpm-torch/images/train/mnist every 10 epoch(s)
starting epoch is 200
Chekpoint loaded sccessfully from chkpts/mnist/mnist_200_1.0.pt
cuDNN benchmark: ON
Training starts...
epoch number: 200
outside trainloader
in trainloder
epoch number: 201
outside trainloader
in trainloder
epoch number: 202
outside trainloader
in trainloder
epoch number: 203
outside trainloader
in trainloder
epoch number: 204
outside trainloader
in trainloder
epoch number: 205
outside trainloader
in trainloder
epoch number: 206
outside trainloader
in trainloder
epoch number: 207
outside trainloader
in trainloder
epoch number: 208
outside trainloader
in trainloder
epoch number: 209
outside trainloader
in trainloder
epoch number: 210
outside trainloader
in trainloder
epoch number: 211
outside trainloader
in trainloder
epoch number: 212
outside trainloader
in trainloder
epoch number: 213
outside trainloader
in trainloder
epoch number: 214
outside trainloader
in trainloder
epoch number: 215
outside trainloader
in trainloder
epoch number: 216
outside trainloader
in trainloder
epoch number: 217
outside trainloader
in trainloder
epoch number: 218
outside trainloader
in trainloder
epoch number: 219
outside trainloader
in trainloder
epoch number: 220
outside trainloader
in trainloder
epoch number: 221
outside trainloader
in trainloder
epoch number: 222
outside trainloader
in trainloder
epoch number: 223
outside trainloader
in trainloder
epoch number: 224
outside trainloader
in trainloder
epoch number: 225
outside trainloader
in trainloder
epoch number: 226
outside trainloader
in trainloder
epoch number: 227
outside trainloader
in trainloder
epoch number: 228
outside trainloader
in trainloder
epoch number: 229
outside trainloader
in trainloder
epoch number: 230
outside trainloader
in trainloder
epoch number: 231
outside trainloader
in trainloder
epoch number: 232
outside trainloader
in trainloder
epoch number: 233
outside trainloader
in trainloder
epoch number: 234
outside trainloader
in trainloder
epoch number: 235
outside trainloader
in trainloder
epoch number: 236
outside trainloader
in trainloder
epoch number: 237
outside trainloader
in trainloder
epoch number: 238
outside trainloader
in trainloder
epoch number: 239
outside trainloader
in trainloder
epoch number: 240
outside trainloader
in trainloder
epoch number: 241
outside trainloader
in trainloder
epoch number: 242
outside trainloader
in trainloder
epoch number: 243
outside trainloader
in trainloder
epoch number: 244
outside trainloader
in trainloder
epoch number: 245
outside trainloader
in trainloder
epoch number: 246
outside trainloader
in trainloder
epoch number: 247
outside trainloader
in trainloder
epoch number: 248
outside trainloader
in trainloder
epoch number: 249
outside trainloader
in trainloder
checkpoint saved to  ./chkpts/mnist/mnist_250_1.0.pt
Training completed!
epochs: 300
Dataset: mnist
Effective batch-size is 128 * 1 = 128.
shape of samples is (128, 1, 32, 32)
synth sampled has length 128
Checkpoint will be saved to /dcs/22/u2211900/ddpm-torch/chkpts/mnist/mnist_300_1.0.pt every 300 epoch(s)
Generated images (x64) will be saved to /dcs/22/u2211900/ddpm-torch/images/train/mnist every 10 epoch(s)
starting epoch is 250
Chekpoint loaded sccessfully from chkpts/mnist/mnist_250_1.0.pt
cuDNN benchmark: ON
Training starts...
epoch number: 250
outside trainloader
in trainloder
epoch number: 251
outside trainloader
in trainloder
epoch number: 252
outside trainloader
in trainloder
epoch number: 253
outside trainloader
in trainloder
epoch number: 254
outside trainloader
in trainloder
epoch number: 255
outside trainloader
in trainloder
epoch number: 256
outside trainloader
in trainloder
epoch number: 257
outside trainloader
in trainloder
epoch number: 258
outside trainloader
in trainloder
epoch number: 259
outside trainloader
in trainloder
epoch number: 260
outside trainloader
in trainloder
epoch number: 261
outside trainloader
in trainloder
epoch number: 262
outside trainloader
in trainloder
epoch number: 263
outside trainloader
in trainloder
epoch number: 264
outside trainloader
in trainloder
epoch number: 265
outside trainloader
in trainloder
epoch number: 266
outside trainloader
in trainloder
epoch number: 267
outside trainloader
in trainloder
epoch number: 268
outside trainloader
in trainloder
epoch number: 269
outside trainloader
in trainloder
epoch number: 270
outside trainloader
in trainloder
epoch number: 271
outside trainloader
in trainloder
epoch number: 272
outside trainloader
in trainloder
epoch number: 273
outside trainloader
in trainloder
epoch number: 274
outside trainloader
in trainloder
epoch number: 275
outside trainloader
in trainloder
epoch number: 276
outside trainloader
in trainloder
epoch number: 277
outside trainloader
in trainloder
epoch number: 278
outside trainloader
in trainloder
epoch number: 279
outside trainloader
in trainloder
epoch number: 280
outside trainloader
in trainloder
epoch number: 281
outside trainloader
in trainloder
epoch number: 282
outside trainloader
in trainloder
epoch number: 283
outside trainloader
in trainloder
epoch number: 284
outside trainloader
in trainloder
epoch number: 285
outside trainloader
in trainloder
epoch number: 286
outside trainloader
in trainloder
epoch number: 287
outside trainloader
in trainloder
epoch number: 288
outside trainloader
in trainloder
epoch number: 289
outside trainloader
in trainloder
epoch number: 290
outside trainloader
in trainloder
epoch number: 291
outside trainloader
in trainloder
epoch number: 292
outside trainloader
in trainloder
epoch number: 293
outside trainloader
in trainloder
epoch number: 294
outside trainloader
in trainloder
epoch number: 295
outside trainloader
in trainloder
epoch number: 296
outside trainloader
in trainloder
epoch number: 297
outside trainloader
in trainloder
epoch number: 298
outside trainloader
in trainloder
epoch number: 299
outside trainloader
in trainloder
checkpoint saved to  ./chkpts/mnist/mnist_300_1.0.pt
Training completed!
epochs: 350
Dataset: mnist
Effective batch-size is 128 * 1 = 128.
shape of samples is (128, 1, 32, 32)
synth sampled has length 128
Checkpoint will be saved to /dcs/22/u2211900/ddpm-torch/chkpts/mnist/mnist_350_1.0.pt every 350 epoch(s)
Generated images (x64) will be saved to /dcs/22/u2211900/ddpm-torch/images/train/mnist every 10 epoch(s)
starting epoch is 300
Chekpoint loaded sccessfully from chkpts/mnist/mnist_300_1.0.pt
cuDNN benchmark: ON
Training starts...
epoch number: 300
outside trainloader
in trainloder
epoch number: 301
outside trainloader
in trainloder
epoch number: 302
outside trainloader
in trainloder
epoch number: 303
outside trainloader
in trainloder
epoch number: 304
outside trainloader
in trainloder
epoch number: 305
outside trainloader
in trainloder
epoch number: 306
outside trainloader
in trainloder
epoch number: 307
outside trainloader
in trainloder
epoch number: 308
outside trainloader
in trainloder
epoch number: 309
outside trainloader
in trainloder
epoch number: 310
outside trainloader
in trainloder
epoch number: 311
outside trainloader
in trainloder
epoch number: 312
outside trainloader
in trainloder
epoch number: 313
outside trainloader
in trainloder
epoch number: 314
outside trainloader
in trainloder
epoch number: 315
outside trainloader
in trainloder
epoch number: 316
outside trainloader
in trainloder
epoch number: 317
outside trainloader
in trainloder
epoch number: 318
outside trainloader
in trainloder
epoch number: 319
outside trainloader
in trainloder
epoch number: 320
outside trainloader
in trainloder
epoch number: 321
outside trainloader
in trainloder
epoch number: 322
outside trainloader
in trainloder
epoch number: 323
outside trainloader
in trainloder
epoch number: 324
outside trainloader
in trainloder
epoch number: 325
outside trainloader
in trainloder
epoch number: 326
outside trainloader
in trainloder
epoch number: 327
outside trainloader
in trainloder
epoch number: 328
outside trainloader
in trainloder
epoch number: 329
outside trainloader
in trainloder
epoch number: 330
outside trainloader
in trainloder
epoch number: 331
outside trainloader
in trainloder
epoch number: 332
outside trainloader
in trainloder
epoch number: 333
outside trainloader
in trainloder
epoch number: 334
outside trainloader
in trainloder
epoch number: 335
outside trainloader
in trainloder
epoch number: 336
outside trainloader
in trainloder
epoch number: 337
outside trainloader
in trainloder
epoch number: 338
outside trainloader
in trainloder
epoch number: 339
outside trainloader
in trainloder
epoch number: 340
outside trainloader
in trainloder
epoch number: 341
outside trainloader
in trainloder
epoch number: 342
outside trainloader
in trainloder
epoch number: 343
outside trainloader
in trainloder
epoch number: 344
outside trainloader
in trainloder
epoch number: 345
outside trainloader
in trainloder
epoch number: 346
outside trainloader
in trainloder
epoch number: 347
outside trainloader
in trainloder
epoch number: 348
outside trainloader
in trainloder
epoch number: 349
outside trainloader
in trainloder
checkpoint saved to  ./chkpts/mnist/mnist_350_1.0.pt
Training completed!
epochs: 400
Dataset: mnist
Effective batch-size is 128 * 1 = 128.
shape of samples is (128, 1, 32, 32)
synth sampled has length 128
Checkpoint will be saved to /dcs/22/u2211900/ddpm-torch/chkpts/mnist/mnist_400_1.0.pt every 400 epoch(s)
Generated images (x64) will be saved to /dcs/22/u2211900/ddpm-torch/images/train/mnist every 10 epoch(s)
starting epoch is 350
Chekpoint loaded sccessfully from chkpts/mnist/mnist_350_1.0.pt
cuDNN benchmark: ON
Training starts...
epoch number: 350
outside trainloader
in trainloder
epoch number: 351
outside trainloader
in trainloder
epoch number: 352
outside trainloader
in trainloder
epoch number: 353
outside trainloader
in trainloder
epoch number: 354
outside trainloader
in trainloder
epoch number: 355
outside trainloader
in trainloder
epoch number: 356
outside trainloader
in trainloder
epoch number: 357
outside trainloader
in trainloder
epoch number: 358
outside trainloader
in trainloder
epoch number: 359
outside trainloader
in trainloder
epoch number: 360
outside trainloader
in trainloder
epoch number: 361
outside trainloader
in trainloder
epoch number: 362
outside trainloader
in trainloder
epoch number: 363
outside trainloader
in trainloder
epoch number: 364
outside trainloader
in trainloder
epoch number: 365
outside trainloader
in trainloder
epoch number: 366
outside trainloader
in trainloder
epoch number: 367
outside trainloader
in trainloder
epoch number: 368
outside trainloader
in trainloder
epoch number: 369
outside trainloader
in trainloder
epoch number: 370
outside trainloader
in trainloder
epoch number: 371
outside trainloader
in trainloder
epoch number: 372
outside trainloader
in trainloder
epoch number: 373
outside trainloader
in trainloder
epoch number: 374
outside trainloader
in trainloder
epoch number: 375
outside trainloader
in trainloder
epoch number: 376
outside trainloader
in trainloder
epoch number: 377
outside trainloader
in trainloder
epoch number: 378
outside trainloader
in trainloder
epoch number: 379
outside trainloader
in trainloder
epoch number: 380
outside trainloader
in trainloder
epoch number: 381
outside trainloader
in trainloder
epoch number: 382
outside trainloader
in trainloder
epoch number: 383
outside trainloader
in trainloder
epoch number: 384
outside trainloader
in trainloder
epoch number: 385
outside trainloader
in trainloder
epoch number: 386
outside trainloader
in trainloder
epoch number: 387
outside trainloader
in trainloder
epoch number: 388
outside trainloader
in trainloder
epoch number: 389
outside trainloader
in trainloder
epoch number: 390
outside trainloader
in trainloder
epoch number: 391
outside trainloader
in trainloder
epoch number: 392
outside trainloader
in trainloder
epoch number: 393
outside trainloader
in trainloder
epoch number: 394
outside trainloader
in trainloder
epoch number: 395
outside trainloader
in trainloder
epoch number: 396
outside trainloader
in trainloder
epoch number: 397
outside trainloader
in trainloder
epoch number: 398
outside trainloader
in trainloder
epoch number: 399
outside trainloader
in trainloder
checkpoint saved to  ./chkpts/mnist/mnist_400_1.0.pt
Training completed!
epochs: 450
Dataset: mnist
Effective batch-size is 128 * 1 = 128.
shape of samples is (128, 1, 32, 32)
synth sampled has length 128
Checkpoint will be saved to /dcs/22/u2211900/ddpm-torch/chkpts/mnist/mnist_450_1.0.pt every 450 epoch(s)
Generated images (x64) will be saved to /dcs/22/u2211900/ddpm-torch/images/train/mnist every 10 epoch(s)
starting epoch is 400
Chekpoint loaded sccessfully from chkpts/mnist/mnist_400_1.0.pt
cuDNN benchmark: ON
Training starts...
epoch number: 400
outside trainloader
in trainloder
epoch number: 401
outside trainloader
in trainloder
epoch number: 402
outside trainloader
in trainloder
epoch number: 403
outside trainloader
in trainloder
epoch number: 404
outside trainloader
in trainloder
epoch number: 405
outside trainloader
in trainloder
epoch number: 406
outside trainloader
in trainloder
epoch number: 407
outside trainloader
in trainloder
epoch number: 408
outside trainloader
in trainloder
epoch number: 409
outside trainloader
in trainloder
epoch number: 410
outside trainloader
in trainloder
epoch number: 411
outside trainloader
in trainloder
epoch number: 412
outside trainloader
in trainloder
epoch number: 413
outside trainloader
in trainloder
epoch number: 414
outside trainloader
in trainloder
epoch number: 415
outside trainloader
in trainloder
epoch number: 416
outside trainloader
in trainloder
epoch number: 417
outside trainloader
in trainloder
epoch number: 418
outside trainloader
in trainloder
epoch number: 419
outside trainloader
in trainloder
epoch number: 420
outside trainloader
in trainloder
epoch number: 421
outside trainloader
in trainloder
epoch number: 422
outside trainloader
in trainloder
epoch number: 423
outside trainloader
in trainloder
epoch number: 424
outside trainloader
in trainloder
epoch number: 425
outside trainloader
in trainloder
epoch number: 426
outside trainloader
in trainloder
epoch number: 427
outside trainloader
in trainloder
epoch number: 428
outside trainloader
in trainloder
epoch number: 429
outside trainloader
in trainloder
epoch number: 430
outside trainloader
in trainloder
epoch number: 431
outside trainloader
in trainloder
epoch number: 432
outside trainloader
in trainloder
epoch number: 433
outside trainloader
in trainloder
epoch number: 434
outside trainloader
in trainloder
epoch number: 435
outside trainloader
in trainloder
epoch number: 436
outside trainloader
in trainloder
epoch number: 437
outside trainloader
in trainloder
epoch number: 438
outside trainloader
in trainloder
epoch number: 439
outside trainloader
in trainloder
epoch number: 440
outside trainloader
in trainloder
epoch number: 441
outside trainloader
in trainloder
epoch number: 442
outside trainloader
in trainloder
epoch number: 443
outside trainloader
in trainloder
epoch number: 444
outside trainloader
in trainloder
epoch number: 445
outside trainloader
in trainloder
epoch number: 446
outside trainloader
in trainloder
epoch number: 447
outside trainloader
in trainloder
epoch number: 448
outside trainloader
in trainloder
epoch number: 449
outside trainloader
in trainloder
checkpoint saved to  ./chkpts/mnist/mnist_450_1.0.pt
Training completed!
epochs: 500
Dataset: mnist
Effective batch-size is 128 * 1 = 128.
shape of samples is (128, 1, 32, 32)
synth sampled has length 128
Checkpoint will be saved to /dcs/22/u2211900/ddpm-torch/chkpts/mnist/mnist_500_1.0.pt every 500 epoch(s)
Generated images (x64) will be saved to /dcs/22/u2211900/ddpm-torch/images/train/mnist every 10 epoch(s)
starting epoch is 450
Chekpoint loaded sccessfully from chkpts/mnist/mnist_450_1.0.pt
cuDNN benchmark: ON
Training starts...
epoch number: 450
outside trainloader
in trainloder
epoch number: 451
outside trainloader
in trainloder
epoch number: 452
outside trainloader
in trainloder
epoch number: 453
outside trainloader
in trainloder
epoch number: 454
outside trainloader
in trainloder
epoch number: 455
outside trainloader
in trainloder
epoch number: 456
outside trainloader
in trainloder
epoch number: 457
outside trainloader
in trainloder
epoch number: 458
outside trainloader
in trainloder
epoch number: 459
outside trainloader
in trainloder
epoch number: 460
outside trainloader
in trainloder
epoch number: 461
outside trainloader
in trainloder
epoch number: 462
outside trainloader
in trainloder
epoch number: 463
outside trainloader
in trainloder
epoch number: 464
outside trainloader
in trainloder
epoch number: 465
outside trainloader
in trainloder
epoch number: 466
outside trainloader
in trainloder
epoch number: 467
outside trainloader
in trainloder
epoch number: 468
outside trainloader
in trainloder
epoch number: 469
outside trainloader
in trainloder
epoch number: 470
outside trainloader
in trainloder
epoch number: 471
outside trainloader
in trainloder
epoch number: 472
outside trainloader
in trainloder
epoch number: 473
outside trainloader
in trainloder
epoch number: 474
outside trainloader
in trainloder
epoch number: 475
outside trainloader
in trainloder
epoch number: 476
outside trainloader
in trainloder
epoch number: 477
outside trainloader
in trainloder
epoch number: 478
outside trainloader
in trainloder
epoch number: 479
outside trainloader
in trainloder
epoch number: 480
outside trainloader
in trainloder
epoch number: 481
outside trainloader
in trainloder
