True
Training on Real Data
epochs: 120
Dataset: mnist
Effective batch-size is 128 * 1 = 128.
synth sampled has length 0
Checkpoint will be saved to /dcs/22/u2211900/ddpm-torch/chkpts/mnist/mnist_120 every 50 epoch(s)
Generated images (x64) will be saved to /dcs/22/u2211900/ddpm-torch/images/train/mnist every 50 epoch(s)
starting epoch is 120
Checkpoint loaded successfully!
cuDNN benchmark: ON
Training starts...
Training completed!
epochs: 170
Dataset: mnist
Effective batch-size is 128 * 1 = 128.
shape of samples is (128, 1, 32, 32)
synth sampled has length 128
Checkpoint will be saved to /dcs/22/u2211900/ddpm-torch/chkpts/mnist/mnist_120 every 50 epoch(s)
Generated images (x64) will be saved to /dcs/22/u2211900/ddpm-torch/images/train/mnist every 50 epoch(s)
starting epoch is 120
Checkpoint loaded successfully!
cuDNN benchmark: ON
Training starts...
epoch number: 120
outside trainloader
in trainloder
epoch number: 121
outside trainloader
in trainloder
epoch number: 122
outside trainloader
in trainloder
epoch number: 123
outside trainloader
in trainloder
