Evaluating k-NN precision and recall with 1000 samples...
Evaluated k-NN precision and recall in: 0.0525804s
dataset: gaussian8, l: 0.25, iteration: 1, wasserstein distance: 0.31704983997444014, precision: [0.995], recall: [0.99]
Evaluating k-NN precision and recall with 1000 samples...
Evaluated k-NN precision and recall in: 0.124043s
dataset: gaussian8, l: 0.25, iteration: 4, wasserstein distance: 0.21702691983856312, precision: [0.995], recall: [0.994]
Evaluating k-NN precision and recall with 1000 samples...
Evaluated k-NN precision and recall in: 0.125605s
dataset: gaussian8, l: 0.25, iteration: 7, wasserstein distance: 0.17136321741213734, precision: [0.993], recall: [0.997]
Evaluating k-NN precision and recall with 1000 samples...
Evaluated k-NN precision and recall in: 0.0151935s
dataset: gaussian8, l: 0.25, iteration: 8, wasserstein distance: 0.1934409193527962, precision: [0.993], recall: [0.997]
Evaluating k-NN precision and recall with 1000 samples...
Evaluated k-NN precision and recall in: 0.125852s
dataset: gaussian8, l: 0.25, iteration: 6, wasserstein distance: 0.20661847469594716, precision: [0.995], recall: [0.997]
Evaluating k-NN precision and recall with 1000 samples...
Evaluated k-NN precision and recall in: 0.0465035s
dataset: gaussian8, l: 0.25, iteration: 5, wasserstein distance: 0.16010450255193134, precision: [0.995], recall: [0.997]
Evaluating k-NN precision and recall with 1000 samples...
Evaluated k-NN precision and recall in: 0.127607s
dataset: gaussian8, l: 0.25, iteration: 3, wasserstein distance: 0.20947079279388664, precision: [0.995], recall: [0.994]
Evaluating k-NN precision and recall with 1000 samples...
Evaluated k-NN precision and recall in: 0.131456s
dataset: gaussian8, l: 0.25, iteration: 9, wasserstein distance: 0.229198084980505, precision: [0.994], recall: [0.998]
Evaluating k-NN precision and recall with 1000 samples...
Evaluated k-NN precision and recall in: 0.012423s
dataset: gaussian8, l: 0.25, iteration: 2, wasserstein distance: 0.2105502148839264, precision: [0.995], recall: [0.995]
Evaluating k-NN precision and recall with 1000 samples...
Evaluated k-NN precision and recall in: 0.0400693s
dataset: gaussian8, l: 0.25, iteration: 0, wasserstein distance: 0.28396456582258434, precision: [0.996], recall: [0.989]
Evaluating k-NN precision and recall with 1000 samples...
Evaluated k-NN precision and recall in: 0.130852s
dataset: gaussian8, l: 0.25, iteration: 10, wasserstein distance: 0.22594797902659589, precision: [0.994], recall: [0.997]
Evaluating k-NN precision and recall with 1000 samples...
Evaluated k-NN precision and recall in: 0.0126686s
dataset: swissroll, l: 0.5, iteration: 1, wasserstein distance: 0.38199533173957567, precision: [0.781], recall: [0.919]
Evaluating k-NN precision and recall with 1000 samples...
Evaluated k-NN precision and recall in: 0.0146136s
dataset: swissroll, l: 0.5, iteration: 4, wasserstein distance: 0.2834714304165934, precision: [0.778], recall: [0.923]
Evaluating k-NN precision and recall with 1000 samples...
Evaluated k-NN precision and recall in: 0.101374s
dataset: swissroll, l: 0.5, iteration: 7, wasserstein distance: 0.3007333560456499, precision: [0.777], recall: [0.918]
Evaluating k-NN precision and recall with 1000 samples...
Evaluated k-NN precision and recall in: 0.125038s
dataset: swissroll, l: 0.5, iteration: 8, wasserstein distance: 0.3187611991168256, precision: [0.779], recall: [0.916]
Evaluating k-NN precision and recall with 1000 samples...
Evaluated k-NN precision and recall in: 0.053875s
dataset: swissroll, l: 0.5, iteration: 6, wasserstein distance: 0.2851408465989238, precision: [0.78], recall: [0.918]
Evaluating k-NN precision and recall with 1000 samples...
Evaluated k-NN precision and recall in: 0.124532s
dataset: swissroll, l: 0.5, iteration: 5, wasserstein distance: 0.2783931919303134, precision: [0.775], recall: [0.92]
Evaluating k-NN precision and recall with 1000 samples...
Evaluated k-NN precision and recall in: 0.124491s
dataset: swissroll, l: 0.5, iteration: 3, wasserstein distance: 0.30126409037821383, precision: [0.779], recall: [0.917]
Evaluating k-NN precision and recall with 1000 samples...
Evaluated k-NN precision and recall in: 0.127163s
dataset: swissroll, l: 0.5, iteration: 9, wasserstein distance: 0.37947883342661254, precision: [0.786], recall: [0.911]
Evaluating k-NN precision and recall with 1000 samples...
Evaluated k-NN precision and recall in: 0.124397s
dataset: swissroll, l: 0.5, iteration: 2, wasserstein distance: 0.382882384104684, precision: [0.795], recall: [0.905]
Evaluating k-NN precision and recall with 1000 samples...
Evaluated k-NN precision and recall in: 0.123327s
dataset: swissroll, l: 0.5, iteration: 0, wasserstein distance: 0.23373688763175496, precision: [0.746], recall: [0.947]
Evaluating k-NN precision and recall with 1000 samples...
Evaluated k-NN precision and recall in: 0.124343s
dataset: swissroll, l: 0.5, iteration: 10, wasserstein distance: 0.39915511171154294, precision: [0.781], recall: [0.892]
Evaluating k-NN precision and recall with 1000 samples...
Evaluated k-NN precision and recall in: 0.0128121s
dataset: twomoons, l: 0.25, iteration: 1, wasserstein distance: 0.34287557632444676, precision: [0.865], recall: [0.831]
Evaluating k-NN precision and recall with 1000 samples...
Evaluated k-NN precision and recall in: 0.0330625s
dataset: twomoons, l: 0.25, iteration: 4, wasserstein distance: 0.19434292902977943, precision: [0.859], recall: [0.837]
Evaluating k-NN precision and recall with 1000 samples...
Evaluated k-NN precision and recall in: 0.119359s
dataset: twomoons, l: 0.25, iteration: 7, wasserstein distance: 0.16578625737304986, precision: [0.852], recall: [0.859]
Evaluating k-NN precision and recall with 1000 samples...
Evaluated k-NN precision and recall in: 0.124578s
dataset: twomoons, l: 0.25, iteration: 8, wasserstein distance: 0.14741729805491632, precision: [0.852], recall: [0.863]
Evaluating k-NN precision and recall with 1000 samples...
Evaluated k-NN precision and recall in: 0.0527492s
dataset: twomoons, l: 0.25, iteration: 6, wasserstein distance: 0.1798088394762125, precision: [0.853], recall: [0.846]
Evaluating k-NN precision and recall with 1000 samples...
Evaluated k-NN precision and recall in: 0.0135622s
dataset: twomoons, l: 0.25, iteration: 5, wasserstein distance: 0.20248955379134656, precision: [0.856], recall: [0.838]
Evaluating k-NN precision and recall with 1000 samples...
Evaluated k-NN precision and recall in: 0.124722s
dataset: twomoons, l: 0.25, iteration: 3, wasserstein distance: 0.23228151628895954, precision: [0.854], recall: [0.837]
Evaluating k-NN precision and recall with 1000 samples...
Evaluated k-NN precision and recall in: 0.127146s
dataset: twomoons, l: 0.25, iteration: 9, wasserstein distance: 0.14352210360265724, precision: [0.848], recall: [0.853]
Evaluating k-NN precision and recall with 1000 samples...
Evaluated k-NN precision and recall in: 0.125146s
dataset: twomoons, l: 0.25, iteration: 2, wasserstein distance: 0.29653789673058933, precision: [0.863], recall: [0.828]
Evaluating k-NN precision and recall with 1000 samples...
Evaluated k-NN precision and recall in: 0.0132482s
dataset: twomoons, l: 0.25, iteration: 0, wasserstein distance: 0.32368837102709846, precision: [0.872], recall: [0.856]
Evaluating k-NN precision and recall with 1000 samples...
Evaluated k-NN precision and recall in: 0.0134408s
dataset: twomoons, l: 0.25, iteration: 10, wasserstein distance: 0.13439591237249782, precision: [0.842], recall: [0.857]
Evaluating k-NN precision and recall with 1000 samples...
Evaluated k-NN precision and recall in: 0.121883s
dataset: twomoons, l: 0.75, iteration: 1, wasserstein distance: 0.46587495260388756, precision: [0.887], recall: [0.813]
Evaluating k-NN precision and recall with 1000 samples...
Evaluated k-NN precision and recall in: 0.0648279s
dataset: twomoons, l: 0.75, iteration: 4, wasserstein distance: 0.5399200285616496, precision: [0.888], recall: [0.813]
Evaluating k-NN precision and recall with 1000 samples...
Evaluated k-NN precision and recall in: 0.0847921s
dataset: twomoons, l: 0.75, iteration: 7, wasserstein distance: 0.5003109618061011, precision: [0.871], recall: [0.836]
Evaluating k-NN precision and recall with 1000 samples...
Evaluated k-NN precision and recall in: 0.0820808s
dataset: twomoons, l: 0.75, iteration: 8, wasserstein distance: 0.4762649114660167, precision: [0.862], recall: [0.838]
Evaluating k-NN precision and recall with 1000 samples...
Evaluated k-NN precision and recall in: 0.123713s
dataset: twomoons, l: 0.75, iteration: 6, wasserstein distance: 0.5184959318500373, precision: [0.878], recall: [0.817]
Evaluating k-NN precision and recall with 1000 samples...
Evaluated k-NN precision and recall in: 0.132777s
dataset: twomoons, l: 0.75, iteration: 5, wasserstein distance: 0.5357572402568753, precision: [0.886], recall: [0.808]
Evaluating k-NN precision and recall with 1000 samples...
Evaluated k-NN precision and recall in: 0.12434s
dataset: twomoons, l: 0.75, iteration: 3, wasserstein distance: 0.5394820253283654, precision: [0.892], recall: [0.825]
Evaluating k-NN precision and recall with 1000 samples...
Evaluated k-NN precision and recall in: 0.0135653s
dataset: twomoons, l: 0.75, iteration: 9, wasserstein distance: 0.46122265501821297, precision: [0.853], recall: [0.847]
Evaluating k-NN precision and recall with 1000 samples...
Evaluated k-NN precision and recall in: 0.124534s
dataset: twomoons, l: 0.75, iteration: 2, wasserstein distance: 0.5477335622505749, precision: [0.892], recall: [0.812]
Evaluating k-NN precision and recall with 1000 samples...
Evaluated k-NN precision and recall in: 0.0125687s
dataset: twomoons, l: 0.75, iteration: 0, wasserstein distance: 0.3236883711654415, precision: [0.863], recall: [0.839]
Evaluating k-NN precision and recall with 1000 samples...
Evaluated k-NN precision and recall in: 0.0130472s
dataset: twomoons, l: 0.75, iteration: 10, wasserstein distance: 0.4565537796895569, precision: [0.845], recall: [0.856]
Evaluating k-NN precision and recall with 1000 samples...
Evaluated k-NN precision and recall in: 0.0132451s
dataset: gaussian25, l: 0.5, iteration: 1, wasserstein distance: 0.5391507809678854, precision: [0.766], recall: [0.967]
Evaluating k-NN precision and recall with 1000 samples...
Evaluated k-NN precision and recall in: 0.0129347s
dataset: gaussian25, l: 0.5, iteration: 4, wasserstein distance: 0.3979624478270455, precision: [0.757], recall: [0.914]
Evaluating k-NN precision and recall with 1000 samples...
Evaluated k-NN precision and recall in: 0.0124371s
dataset: gaussian25, l: 0.5, iteration: 7, wasserstein distance: 0.3282707001129277, precision: [0.759], recall: [0.897]
Evaluating k-NN precision and recall with 1000 samples...
Evaluated k-NN precision and recall in: 0.0125704s
dataset: gaussian25, l: 0.5, iteration: 8, wasserstein distance: 0.3705194101106219, precision: [0.754], recall: [0.882]
Evaluating k-NN precision and recall with 1000 samples...
Evaluated k-NN precision and recall in: 0.0134025s
dataset: gaussian25, l: 0.5, iteration: 6, wasserstein distance: 0.3636164370669385, precision: [0.757], recall: [0.912]
Evaluating k-NN precision and recall with 1000 samples...
Evaluated k-NN precision and recall in: 0.0125437s
dataset: gaussian25, l: 0.5, iteration: 5, wasserstein distance: 0.39780814992014935, precision: [0.758], recall: [0.908]
Evaluating k-NN precision and recall with 1000 samples...
Evaluated k-NN precision and recall in: 0.0131323s
dataset: gaussian25, l: 0.5, iteration: 3, wasserstein distance: 0.4012487191072908, precision: [0.76], recall: [0.925]
Evaluating k-NN precision and recall with 1000 samples...
Evaluated k-NN precision and recall in: 0.012553s
dataset: gaussian25, l: 0.5, iteration: 9, wasserstein distance: 0.40856919914523315, precision: [0.758], recall: [0.88]
Evaluating k-NN precision and recall with 1000 samples...
Evaluated k-NN precision and recall in: 0.0130332s
dataset: gaussian25, l: 0.5, iteration: 2, wasserstein distance: 0.4554673188994494, precision: [0.762], recall: [0.932]
Evaluating k-NN precision and recall with 1000 samples...
Evaluated k-NN precision and recall in: 0.0131555s
dataset: gaussian25, l: 0.5, iteration: 0, wasserstein distance: 0.40547019020351127, precision: [0.754], recall: [0.986]
Evaluating k-NN precision and recall with 1000 samples...
Evaluated k-NN precision and recall in: 0.0127149s
dataset: gaussian25, l: 0.5, iteration: 10, wasserstein distance: 0.4652257923802231, precision: [0.752], recall: [0.859]
Evaluating k-NN precision and recall with 1000 samples...
Evaluated k-NN precision and recall in: 0.0124829s
dataset: gaussian1, l: 0.5, iteration: 1, wasserstein distance: 0.25203732498836506, precision: [0.995], recall: [0.968]
Evaluating k-NN precision and recall with 1000 samples...
Evaluated k-NN precision and recall in: 0.0418417s
dataset: gaussian1, l: 0.5, iteration: 4, wasserstein distance: 0.17654066760764983, precision: [0.995], recall: [0.977]
Evaluating k-NN precision and recall with 1000 samples...
Evaluated k-NN precision and recall in: 0.0134447s
dataset: gaussian1, l: 0.5, iteration: 7, wasserstein distance: 0.16319408358280324, precision: [0.995], recall: [0.98]
Evaluating k-NN precision and recall with 1000 samples...
Evaluated k-NN precision and recall in: 0.0127003s
dataset: gaussian1, l: 0.5, iteration: 8, wasserstein distance: 0.1585499180467659, precision: [0.995], recall: [0.978]
Evaluating k-NN precision and recall with 1000 samples...
Evaluated k-NN precision and recall in: 0.0131602s
dataset: gaussian1, l: 0.5, iteration: 6, wasserstein distance: 0.16964291877246299, precision: [0.995], recall: [0.978]
Evaluating k-NN precision and recall with 1000 samples...
Evaluated k-NN precision and recall in: 0.0125663s
dataset: gaussian1, l: 0.5, iteration: 5, wasserstein distance: 0.16129350009698726, precision: [0.995], recall: [0.98]
Evaluating k-NN precision and recall with 1000 samples...
Evaluated k-NN precision and recall in: 0.0132558s
dataset: gaussian1, l: 0.5, iteration: 3, wasserstein distance: 0.16637863275446704, precision: [0.995], recall: [0.976]
Evaluating k-NN precision and recall with 1000 samples...
Evaluated k-NN precision and recall in: 0.0126779s
dataset: gaussian1, l: 0.5, iteration: 9, wasserstein distance: 0.17117318756732824, precision: [0.994], recall: [0.975]
Evaluating k-NN precision and recall with 1000 samples...
Evaluated k-NN precision and recall in: 0.0129051s
dataset: gaussian1, l: 0.5, iteration: 2, wasserstein distance: 0.20857529485891826, precision: [0.995], recall: [0.972]
Evaluating k-NN precision and recall with 1000 samples...
Evaluated k-NN precision and recall in: 0.0129702s
dataset: gaussian1, l: 0.5, iteration: 0, wasserstein distance: 0.19438127609800385, precision: [0.995], recall: [0.971]
Evaluating k-NN precision and recall with 1000 samples...
Evaluated k-NN precision and recall in: 0.0130169s
dataset: gaussian1, l: 0.5, iteration: 10, wasserstein distance: 0.17901992886591506, precision: [0.994], recall: [0.97]
Evaluating k-NN precision and recall with 1000 samples...
Evaluated k-NN precision and recall in: 0.0132897s
dataset: gaussian25, l: 0.75, iteration: 1, wasserstein distance: 0.5910239652340237, precision: [0.762], recall: [0.977]
Evaluating k-NN precision and recall with 1000 samples...
Evaluated k-NN precision and recall in: 0.0130401s
dataset: gaussian25, l: 0.75, iteration: 4, wasserstein distance: 0.6965453631686146, precision: [0.757], recall: [0.964]
Evaluating k-NN precision and recall with 1000 samples...
Evaluated k-NN precision and recall in: 0.0130515s
dataset: gaussian25, l: 0.75, iteration: 7, wasserstein distance: 0.712512519243041, precision: [0.742], recall: [0.928]
Evaluating k-NN precision and recall with 1000 samples...
Evaluated k-NN precision and recall in: 0.013175s
dataset: gaussian25, l: 0.75, iteration: 8, wasserstein distance: 0.7360944585682764, precision: [0.733], recall: [0.908]
Evaluating k-NN precision and recall with 1000 samples...
Evaluated k-NN precision and recall in: 0.0130069s
dataset: gaussian25, l: 0.75, iteration: 6, wasserstein distance: 0.7087796276491548, precision: [0.746], recall: [0.939]
Evaluating k-NN precision and recall with 1000 samples...
Evaluated k-NN precision and recall in: 0.0130627s
dataset: gaussian25, l: 0.75, iteration: 5, wasserstein distance: 0.702920758212498, precision: [0.753], recall: [0.949]
Evaluating k-NN precision and recall with 1000 samples...
Evaluated k-NN precision and recall in: 0.0134189s
dataset: gaussian25, l: 0.75, iteration: 3, wasserstein distance: 0.6540298819505592, precision: [0.757], recall: [0.976]
Evaluating k-NN precision and recall with 1000 samples...
Evaluated k-NN precision and recall in: 0.0132101s
dataset: gaussian25, l: 0.75, iteration: 9, wasserstein distance: 0.7544462903495316, precision: [0.722], recall: [0.9]
Evaluating k-NN precision and recall with 1000 samples...
Evaluated k-NN precision and recall in: 0.0132623s
dataset: gaussian25, l: 0.75, iteration: 2, wasserstein distance: 0.6131810427011656, precision: [0.76], recall: [0.978]
Evaluating k-NN precision and recall with 1000 samples...
Evaluated k-NN precision and recall in: 0.0130603s
dataset: gaussian25, l: 0.75, iteration: 0, wasserstein distance: 0.40560950989512984, precision: [0.75], recall: [0.983]
Evaluating k-NN precision and recall with 1000 samples...
Evaluated k-NN precision and recall in: 0.0130632s
dataset: gaussian25, l: 0.75, iteration: 10, wasserstein distance: 0.7789295105190283, precision: [0.716], recall: [0.899]
Evaluating k-NN precision and recall with 1000 samples...
Evaluated k-NN precision and recall in: 0.0137444s
dataset: twomoons, l: 0.0, iteration: 1, wasserstein distance: 0.24240785308802443, precision: [0.846], recall: [0.821]
Evaluating k-NN precision and recall with 1000 samples...
Evaluated k-NN precision and recall in: 0.0133235s
dataset: twomoons, l: 0.0, iteration: 4, wasserstein distance: 0.0964328906315825, precision: [0.818], recall: [0.853]
Evaluating k-NN precision and recall with 1000 samples...
Evaluated k-NN precision and recall in: 0.0130422s
dataset: twomoons, l: 0.0, iteration: 7, wasserstein distance: 0.08836126418947718, precision: [0.82], recall: [0.831]
Evaluating k-NN precision and recall with 1000 samples...
Evaluated k-NN precision and recall in: 0.0128615s
dataset: twomoons, l: 0.0, iteration: 8, wasserstein distance: 0.09326176162022382, precision: [0.822], recall: [0.818]
Evaluating k-NN precision and recall with 1000 samples...
Evaluated k-NN precision and recall in: 0.0126803s
dataset: twomoons, l: 0.0, iteration: 6, wasserstein distance: 0.10102593474983365, precision: [0.822], recall: [0.833]
Evaluating k-NN precision and recall with 1000 samples...
Evaluated k-NN precision and recall in: 0.0131636s
dataset: twomoons, l: 0.0, iteration: 5, wasserstein distance: 0.08793957390235135, precision: [0.817], recall: [0.839]
Evaluating k-NN precision and recall with 1000 samples...
Evaluated k-NN precision and recall in: 0.0132499s
dataset: twomoons, l: 0.0, iteration: 3, wasserstein distance: 0.14546900449048178, precision: [0.831], recall: [0.822]
Evaluating k-NN precision and recall with 1000 samples...
Evaluated k-NN precision and recall in: 0.0132275s
dataset: twomoons, l: 0.0, iteration: 9, wasserstein distance: 0.08630798809732594, precision: [0.82], recall: [0.829]
Evaluating k-NN precision and recall with 1000 samples...
Evaluated k-NN precision and recall in: 0.0133142s
dataset: twomoons, l: 0.0, iteration: 2, wasserstein distance: 0.20828078502501243, precision: [0.844], recall: [0.824]
Evaluating k-NN precision and recall with 1000 samples...
Evaluated k-NN precision and recall in: 0.0138044s
dataset: twomoons, l: 0.0, iteration: 0, wasserstein distance: 0.32368837111109233, precision: [0.871], recall: [0.85]
Evaluating k-NN precision and recall with 1000 samples...
Evaluated k-NN precision and recall in: 0.0132005s
dataset: twomoons, l: 0.0, iteration: 10, wasserstein distance: 0.08992354914000254, precision: [0.82], recall: [0.833]
Evaluating k-NN precision and recall with 1000 samples...
Evaluated k-NN precision and recall in: 0.0134466s
dataset: swissroll, l: 0.25, iteration: 1, wasserstein distance: 0.35616500344808905, precision: [0.774], recall: [0.862]
Evaluating k-NN precision and recall with 1000 samples...
Evaluated k-NN precision and recall in: 0.0132675s
dataset: swissroll, l: 0.25, iteration: 4, wasserstein distance: 0.2484521520686153, precision: [0.752], recall: [0.842]
Evaluating k-NN precision and recall with 1000 samples...
Evaluated k-NN precision and recall in: 0.0133538s
dataset: swissroll, l: 0.25, iteration: 7, wasserstein distance: 0.2664563130646476, precision: [0.769], recall: [0.817]
Evaluating k-NN precision and recall with 1000 samples...
Evaluated k-NN precision and recall in: 0.0131066s
dataset: swissroll, l: 0.25, iteration: 8, wasserstein distance: 0.26879499233054577, precision: [0.768], recall: [0.821]
Evaluating k-NN precision and recall with 1000 samples...
Evaluated k-NN precision and recall in: 0.0132582s
dataset: swissroll, l: 0.25, iteration: 6, wasserstein distance: 0.23465154046282366, precision: [0.764], recall: [0.826]
Evaluating k-NN precision and recall with 1000 samples...
Evaluated k-NN precision and recall in: 0.0133438s
dataset: swissroll, l: 0.25, iteration: 5, wasserstein distance: 0.24515811814679764, precision: [0.763], recall: [0.832]
Evaluating k-NN precision and recall with 1000 samples...
Evaluated k-NN precision and recall in: 0.0135205s
dataset: swissroll, l: 0.25, iteration: 3, wasserstein distance: 0.20840198964942896, precision: [0.745], recall: [0.846]
Evaluating k-NN precision and recall with 1000 samples...
Evaluated k-NN precision and recall in: 0.0131969s
dataset: swissroll, l: 0.25, iteration: 9, wasserstein distance: 0.28517244307488754, precision: [0.769], recall: [0.809]
Evaluating k-NN precision and recall with 1000 samples...
Evaluated k-NN precision and recall in: 0.0131497s
dataset: swissroll, l: 0.25, iteration: 2, wasserstein distance: 0.22790664381492026, precision: [0.747], recall: [0.846]
Evaluating k-NN precision and recall with 1000 samples...
Evaluated k-NN precision and recall in: 0.0134606s
dataset: swissroll, l: 0.25, iteration: 0, wasserstein distance: 0.23373688763175424, precision: [0.739], recall: [0.94]
Evaluating k-NN precision and recall with 1000 samples...
Evaluated k-NN precision and recall in: 0.0130672s
dataset: swissroll, l: 0.25, iteration: 10, wasserstein distance: 0.2607342595058959, precision: [0.768], recall: [0.798]
Evaluating k-NN precision and recall with 1000 samples...
Evaluated k-NN precision and recall in: 0.0130939s
dataset: gaussian2, l: 0.0, iteration: 1, wasserstein distance: 0.26308127788712005, precision: [0.989], recall: [0.938]
Evaluating k-NN precision and recall with 1000 samples...
Evaluated k-NN precision and recall in: 0.0131879s
dataset: gaussian2, l: 0.0, iteration: 4, wasserstein distance: 0.11858290673624064, precision: [0.984], recall: [0.958]
Evaluating k-NN precision and recall with 1000 samples...
Evaluated k-NN precision and recall in: 0.0133219s
dataset: gaussian2, l: 0.0, iteration: 7, wasserstein distance: 0.1348005782121354, precision: [0.985], recall: [0.96]
Evaluating k-NN precision and recall with 1000 samples...
Evaluated k-NN precision and recall in: 0.0132928s
dataset: gaussian2, l: 0.0, iteration: 8, wasserstein distance: 0.09670206896627996, precision: [0.979], recall: [0.964]
Evaluating k-NN precision and recall with 1000 samples...
Evaluated k-NN precision and recall in: 0.0131538s
dataset: gaussian2, l: 0.0, iteration: 6, wasserstein distance: 0.1367614676195664, precision: [0.985], recall: [0.955]
Evaluating k-NN precision and recall with 1000 samples...
Evaluated k-NN precision and recall in: 0.013062s
dataset: gaussian2, l: 0.0, iteration: 5, wasserstein distance: 0.16357265578051855, precision: [0.986], recall: [0.956]
Evaluating k-NN precision and recall with 1000 samples...
Evaluated k-NN precision and recall in: 0.0127976s
dataset: gaussian2, l: 0.0, iteration: 3, wasserstein distance: 0.1042829312144249, precision: [0.983], recall: [0.954]
Evaluating k-NN precision and recall with 1000 samples...
Evaluated k-NN precision and recall in: 0.0133221s
dataset: gaussian2, l: 0.0, iteration: 9, wasserstein distance: 0.09303058098610371, precision: [0.985], recall: [0.962]
Evaluating k-NN precision and recall with 1000 samples...
Evaluated k-NN precision and recall in: 0.0131319s
dataset: gaussian2, l: 0.0, iteration: 2, wasserstein distance: 0.15848961363224837, precision: [0.984], recall: [0.957]
Evaluating k-NN precision and recall with 1000 samples...
Evaluated k-NN precision and recall in: 0.0133393s
dataset: gaussian2, l: 0.0, iteration: 0, wasserstein distance: 0.33801668443317584, precision: [0.987], recall: [0.949]
Evaluating k-NN precision and recall with 1000 samples...
Evaluated k-NN precision and recall in: 0.0131872s
dataset: gaussian2, l: 0.0, iteration: 10, wasserstein distance: 0.10550461565186232, precision: [0.987], recall: [0.962]
Evaluating k-NN precision and recall with 1000 samples...
Evaluated k-NN precision and recall in: 0.0130174s
dataset: gaussian2, l: 1.0, iteration: 1, wasserstein distance: 0.7249635190231024, precision: [0.994], recall: [0.859]
Evaluating k-NN precision and recall with 1000 samples...
Evaluated k-NN precision and recall in: 0.0130432s
dataset: gaussian2, l: 1.0, iteration: 4, wasserstein distance: 1.1064300022890112, precision: [0.995], recall: [0.719]
Evaluating k-NN precision and recall with 1000 samples...
Evaluated k-NN precision and recall in: 0.0130775s
dataset: gaussian2, l: 1.0, iteration: 7, wasserstein distance: 1.4931224229615623, precision: [0.993], recall: [0.574]
Evaluating k-NN precision and recall with 1000 samples...
Evaluated k-NN precision and recall in: 0.0131843s
dataset: gaussian2, l: 1.0, iteration: 8, wasserstein distance: 1.6208935274158431, precision: [0.992], recall: [0.534]
Evaluating k-NN precision and recall with 1000 samples...
Evaluated k-NN precision and recall in: 0.0132055s
dataset: gaussian2, l: 1.0, iteration: 6, wasserstein distance: 1.3698267260297827, precision: [0.994], recall: [0.611]
Evaluating k-NN precision and recall with 1000 samples...
Evaluated k-NN precision and recall in: 0.0131359s
dataset: gaussian2, l: 1.0, iteration: 5, wasserstein distance: 1.2480027220821432, precision: [0.996], recall: [0.66]
Evaluating k-NN precision and recall with 1000 samples...
Evaluated k-NN precision and recall in: 0.0131791s
dataset: gaussian2, l: 1.0, iteration: 3, wasserstein distance: 0.9799762964580785, precision: [0.994], recall: [0.767]
Evaluating k-NN precision and recall with 1000 samples...
Evaluated k-NN precision and recall in: 0.0129817s
dataset: gaussian2, l: 1.0, iteration: 9, wasserstein distance: 1.7540582174789114, precision: [0.99], recall: [0.502]
Evaluating k-NN precision and recall with 1000 samples...
Evaluated k-NN precision and recall in: 0.0130613s
dataset: gaussian2, l: 1.0, iteration: 2, wasserstein distance: 0.8612643960624498, precision: [0.99], recall: [0.799]
Evaluating k-NN precision and recall with 1000 samples...
Evaluated k-NN precision and recall in: 0.0125711s
dataset: gaussian2, l: 1.0, iteration: 0, wasserstein distance: 0.4464679206153548, precision: [0.994], recall: [0.935]
Evaluating k-NN precision and recall with 1000 samples...
Evaluated k-NN precision and recall in: 0.0130754s
dataset: gaussian2, l: 1.0, iteration: 10, wasserstein distance: 1.8746205958832323, precision: [0.987], recall: [0.472]
Evaluating k-NN precision and recall with 1000 samples...
Evaluated k-NN precision and recall in: 0.012707s
dataset: gaussian2, l: 0.75, iteration: 1, wasserstein distance: 0.5590097033296975, precision: [0.987], recall: [0.902]
Evaluating k-NN precision and recall with 1000 samples...
Evaluated k-NN precision and recall in: 0.0130763s
dataset: gaussian2, l: 0.75, iteration: 4, wasserstein distance: 0.5857961809074688, precision: [0.983], recall: [0.884]
Evaluating k-NN precision and recall with 1000 samples...
Evaluated k-NN precision and recall in: 0.0132639s
dataset: gaussian2, l: 0.75, iteration: 7, wasserstein distance: 0.547413192653284, precision: [0.986], recall: [0.883]
Evaluating k-NN precision and recall with 1000 samples...
Evaluated k-NN precision and recall in: 0.0132833s
dataset: gaussian2, l: 0.75, iteration: 8, wasserstein distance: 0.5264414704219957, precision: [0.986], recall: [0.887]
Evaluating k-NN precision and recall with 1000 samples...
Evaluated k-NN precision and recall in: 0.0133235s
dataset: gaussian2, l: 0.75, iteration: 6, wasserstein distance: 0.5616777381468933, precision: [0.989], recall: [0.886]
Evaluating k-NN precision and recall with 1000 samples...
Evaluated k-NN precision and recall in: 0.0134532s
dataset: gaussian2, l: 0.75, iteration: 5, wasserstein distance: 0.5826686835304615, precision: [0.983], recall: [0.886]
Evaluating k-NN precision and recall with 1000 samples...
Evaluated k-NN precision and recall in: 0.0133095s
dataset: gaussian2, l: 0.75, iteration: 3, wasserstein distance: 0.6086182903777451, precision: [0.982], recall: [0.886]
Evaluating k-NN precision and recall with 1000 samples...
Evaluated k-NN precision and recall in: 0.0132201s
dataset: gaussian2, l: 0.75, iteration: 9, wasserstein distance: 0.4696024645018468, precision: [0.985], recall: [0.892]
Evaluating k-NN precision and recall with 1000 samples...
Evaluated k-NN precision and recall in: 0.0132449s
dataset: gaussian2, l: 0.75, iteration: 2, wasserstein distance: 0.6217784463598094, precision: [0.987], recall: [0.882]
Evaluating k-NN precision and recall with 1000 samples...
Evaluated k-NN precision and recall in: 0.0133328s
dataset: gaussian2, l: 0.75, iteration: 0, wasserstein distance: 0.3728057337270766, precision: [0.987], recall: [0.937]
Evaluating k-NN precision and recall with 1000 samples...
Evaluated k-NN precision and recall in: 0.0131631s
dataset: gaussian2, l: 0.75, iteration: 10, wasserstein distance: 0.43745379406467605, precision: [0.987], recall: [0.898]
Evaluating k-NN precision and recall with 1000 samples...
Evaluated k-NN precision and recall in: 0.0131938s
dataset: gaussian2, l: 0.5, iteration: 1, wasserstein distance: 0.46056221973021677, precision: [0.978], recall: [0.919]
Evaluating k-NN precision and recall with 1000 samples...
Evaluated k-NN precision and recall in: 0.0132146s
dataset: gaussian2, l: 0.5, iteration: 4, wasserstein distance: 0.3062143932787489, precision: [0.975], recall: [0.938]
Evaluating k-NN precision and recall with 1000 samples...
Evaluated k-NN precision and recall in: 0.0131247s
dataset: gaussian2, l: 0.5, iteration: 7, wasserstein distance: 0.2410520814459425, precision: [0.983], recall: [0.952]
Evaluating k-NN precision and recall with 1000 samples...
Evaluated k-NN precision and recall in: 0.0132198s
dataset: gaussian2, l: 0.5, iteration: 8, wasserstein distance: 0.20568946636711405, precision: [0.98], recall: [0.96]
Evaluating k-NN precision and recall with 1000 samples...
Evaluated k-NN precision and recall in: 0.0131247s
dataset: gaussian2, l: 0.5, iteration: 6, wasserstein distance: 0.27650942758879576, precision: [0.979], recall: [0.944]
Evaluating k-NN precision and recall with 1000 samples...
Evaluated k-NN precision and recall in: 0.0137861s
dataset: gaussian2, l: 0.5, iteration: 5, wasserstein distance: 0.30170345626804845, precision: [0.98], recall: [0.938]
Evaluating k-NN precision and recall with 1000 samples...
Evaluated k-NN precision and recall in: 0.0129676s
dataset: gaussian2, l: 0.5, iteration: 3, wasserstein distance: 0.37230141376540693, precision: [0.975], recall: [0.923]
Evaluating k-NN precision and recall with 1000 samples...
Evaluated k-NN precision and recall in: 0.0130951s
dataset: gaussian2, l: 0.5, iteration: 9, wasserstein distance: 0.15846130775077732, precision: [0.977], recall: [0.962]
Evaluating k-NN precision and recall with 1000 samples...
Evaluated k-NN precision and recall in: 0.0128255s
dataset: gaussian2, l: 0.5, iteration: 2, wasserstein distance: 0.45548134743517615, precision: [0.977], recall: [0.916]
Evaluating k-NN precision and recall with 1000 samples...
Evaluated k-NN precision and recall in: 0.0131702s
dataset: gaussian2, l: 0.5, iteration: 0, wasserstein distance: 0.29010851702562246, precision: [0.973], recall: [0.954]
Evaluating k-NN precision and recall with 1000 samples...
Evaluated k-NN precision and recall in: 0.0131299s
dataset: gaussian2, l: 0.5, iteration: 10, wasserstein distance: 0.1792436565799465, precision: [0.978], recall: [0.962]
Evaluating k-NN precision and recall with 1000 samples...
Evaluated k-NN precision and recall in: 0.0136116s
dataset: gaussian8, l: 1.0, iteration: 1, wasserstein distance: 0.5443252036577613, precision: [0.985], recall: [0.94]
Evaluating k-NN precision and recall with 1000 samples...
Evaluated k-NN precision and recall in: 0.0131586s
dataset: gaussian8, l: 1.0, iteration: 4, wasserstein distance: 0.9281835503607225, precision: [0.979], recall: [0.759]
Evaluating k-NN precision and recall with 1000 samples...
Evaluated k-NN precision and recall in: 0.0133264s
dataset: gaussian8, l: 1.0, iteration: 7, wasserstein distance: 1.3015804915000788, precision: [0.979], recall: [0.546]
Evaluating k-NN precision and recall with 1000 samples...
Evaluated k-NN precision and recall in: 0.013274s
dataset: gaussian8, l: 1.0, iteration: 8, wasserstein distance: 1.4036910747051041, precision: [0.975], recall: [0.511]
Evaluating k-NN precision and recall with 1000 samples...
Evaluated k-NN precision and recall in: 0.0132856s
dataset: gaussian8, l: 1.0, iteration: 6, wasserstein distance: 1.1925616206513507, precision: [0.982], recall: [0.587]
Evaluating k-NN precision and recall with 1000 samples...
Evaluated k-NN precision and recall in: 0.0132077s
dataset: gaussian8, l: 1.0, iteration: 5, wasserstein distance: 1.0577071407240257, precision: [0.981], recall: [0.683]
Evaluating k-NN precision and recall with 1000 samples...
Evaluated k-NN precision and recall in: 0.0131979s
dataset: gaussian8, l: 1.0, iteration: 3, wasserstein distance: 0.7883303784207792, precision: [0.982], recall: [0.831]
Evaluating k-NN precision and recall with 1000 samples...
Evaluated k-NN precision and recall in: 0.0134697s
dataset: gaussian8, l: 1.0, iteration: 9, wasserstein distance: 1.5132231734829633, precision: [0.977], recall: [0.465]
Evaluating k-NN precision and recall with 1000 samples...
Evaluated k-NN precision and recall in: 0.0133884s
dataset: gaussian8, l: 1.0, iteration: 2, wasserstein distance: 0.6611764495903517, precision: [0.982], recall: [0.892]
Evaluating k-NN precision and recall with 1000 samples...
Evaluated k-NN precision and recall in: 0.0132117s
dataset: gaussian8, l: 1.0, iteration: 0, wasserstein distance: 0.35005944061393307, precision: [0.99], recall: [0.98]
Evaluating k-NN precision and recall with 1000 samples...
Evaluated k-NN precision and recall in: 0.0128677s
dataset: gaussian8, l: 1.0, iteration: 10, wasserstein distance: 1.6364625690843109, precision: [0.964], recall: [0.425]
Evaluating k-NN precision and recall with 1000 samples...
Evaluated k-NN precision and recall in: 0.0132718s
dataset: gaussian8, l: 0.5, iteration: 1, wasserstein distance: 0.3683185697970568, precision: [0.993], recall: [0.993]
Evaluating k-NN precision and recall with 1000 samples...
Evaluated k-NN precision and recall in: 0.0132775s
dataset: gaussian8, l: 0.5, iteration: 4, wasserstein distance: 0.2700184265761671, precision: [0.994], recall: [0.987]
Evaluating k-NN precision and recall with 1000 samples...
Evaluated k-NN precision and recall in: 0.0134389s
dataset: gaussian8, l: 0.5, iteration: 7, wasserstein distance: 0.2013542038864675, precision: [0.995], recall: [0.985]
Evaluating k-NN precision and recall with 1000 samples...
Evaluated k-NN precision and recall in: 0.0139356s
dataset: gaussian8, l: 0.5, iteration: 8, wasserstein distance: 0.16361891988210808, precision: [0.996], recall: [0.988]
Evaluating k-NN precision and recall with 1000 samples...
Evaluated k-NN precision and recall in: 0.01355s
dataset: gaussian8, l: 0.5, iteration: 6, wasserstein distance: 0.25516930540749605, precision: [0.998], recall: [0.984]
Evaluating k-NN precision and recall with 1000 samples...
Evaluated k-NN precision and recall in: 0.0131419s
dataset: gaussian8, l: 0.5, iteration: 5, wasserstein distance: 0.2814524516210754, precision: [0.994], recall: [0.987]
Evaluating k-NN precision and recall with 1000 samples...
Evaluated k-NN precision and recall in: 0.0135043s
dataset: gaussian8, l: 0.5, iteration: 3, wasserstein distance: 0.26635663172811846, precision: [0.997], recall: [0.989]
Evaluating k-NN precision and recall with 1000 samples...
Evaluated k-NN precision and recall in: 0.0133719s
dataset: gaussian8, l: 0.5, iteration: 9, wasserstein distance: 0.14620535559451092, precision: [0.996], recall: [0.99]
Evaluating k-NN precision and recall with 1000 samples...
Evaluated k-NN precision and recall in: 0.0127912s
dataset: gaussian8, l: 0.5, iteration: 2, wasserstein distance: 0.30323207774219535, precision: [0.995], recall: [0.989]
Evaluating k-NN precision and recall with 1000 samples...
Evaluated k-NN precision and recall in: 0.0140867s
dataset: gaussian8, l: 0.5, iteration: 0, wasserstein distance: 0.27966739065622104, precision: [0.994], recall: [0.989]
Evaluating k-NN precision and recall with 1000 samples...
Evaluated k-NN precision and recall in: 0.0129986s
dataset: gaussian8, l: 0.5, iteration: 10, wasserstein distance: 0.1552593598075224, precision: [0.995], recall: [0.991]
Evaluating k-NN precision and recall with 1000 samples...
Evaluated k-NN precision and recall in: 0.0133188s
dataset: swissroll, l: 0.0, iteration: 1, wasserstein distance: 0.14366994866380794, precision: [0.758], recall: [0.857]
Evaluating k-NN precision and recall with 1000 samples...
Evaluated k-NN precision and recall in: 0.0134223s
dataset: swissroll, l: 0.0, iteration: 4, wasserstein distance: 0.2869362801725315, precision: [0.746], recall: [0.791]
Evaluating k-NN precision and recall with 1000 samples...
Evaluated k-NN precision and recall in: 0.0137198s
dataset: swissroll, l: 0.0, iteration: 7, wasserstein distance: 0.28258838334238623, precision: [0.76], recall: [0.763]
Evaluating k-NN precision and recall with 1000 samples...
Evaluated k-NN precision and recall in: 0.0139551s
dataset: swissroll, l: 0.0, iteration: 8, wasserstein distance: 0.26102842086339856, precision: [0.762], recall: [0.763]
Evaluating k-NN precision and recall with 1000 samples...
Evaluated k-NN precision and recall in: 0.0129566s
dataset: swissroll, l: 0.0, iteration: 6, wasserstein distance: 0.2995186779623793, precision: [0.761], recall: [0.771]
Evaluating k-NN precision and recall with 1000 samples...
Evaluated k-NN precision and recall in: 0.0133395s
dataset: swissroll, l: 0.0, iteration: 5, wasserstein distance: 0.29798702620685297, precision: [0.754], recall: [0.779]
Evaluating k-NN precision and recall with 1000 samples...
Evaluated k-NN precision and recall in: 0.0132082s
dataset: swissroll, l: 0.0, iteration: 3, wasserstein distance: 0.21387964881061686, precision: [0.74], recall: [0.811]
Evaluating k-NN precision and recall with 1000 samples...
Evaluated k-NN precision and recall in: 0.0131164s
dataset: swissroll, l: 0.0, iteration: 9, wasserstein distance: 0.2745519111850356, precision: [0.762], recall: [0.756]
Evaluating k-NN precision and recall with 1000 samples...
Evaluated k-NN precision and recall in: 0.0132308s
dataset: swissroll, l: 0.0, iteration: 2, wasserstein distance: 0.2876115574795904, precision: [0.735], recall: [0.854]
Evaluating k-NN precision and recall with 1000 samples...
Evaluated k-NN precision and recall in: 0.013258s
dataset: swissroll, l: 0.0, iteration: 0, wasserstein distance: 0.22720016698877638, precision: [0.742], recall: [0.951]
Evaluating k-NN precision and recall with 1000 samples...
Evaluated k-NN precision and recall in: 0.0130746s
dataset: swissroll, l: 0.0, iteration: 10, wasserstein distance: 0.2556458730739167, precision: [0.757], recall: [0.76]
Evaluating k-NN precision and recall with 1000 samples...
Evaluated k-NN precision and recall in: 0.0132759s
dataset: gaussian8, l: 0.75, iteration: 1, wasserstein distance: 0.5100970961691701, precision: [0.994], recall: [0.964]
Evaluating k-NN precision and recall with 1000 samples...
Evaluated k-NN precision and recall in: 0.0133836s
dataset: gaussian8, l: 0.75, iteration: 4, wasserstein distance: 0.4990324841914294, precision: [0.993], recall: [0.982]
Evaluating k-NN precision and recall with 1000 samples...
Evaluated k-NN precision and recall in: 0.0131903s
dataset: gaussian8, l: 0.75, iteration: 7, wasserstein distance: 0.5398560615656944, precision: [0.991], recall: [0.971]
Evaluating k-NN precision and recall with 1000 samples...
Evaluated k-NN precision and recall in: 0.0133009s
dataset: gaussian8, l: 0.75, iteration: 8, wasserstein distance: 0.5612561733558912, precision: [0.991], recall: [0.974]
Evaluating k-NN precision and recall with 1000 samples...
Evaluated k-NN precision and recall in: 0.0131505s
dataset: gaussian8, l: 0.75, iteration: 6, wasserstein distance: 0.5279256856906789, precision: [0.992], recall: [0.979]
Evaluating k-NN precision and recall with 1000 samples...
Evaluated k-NN precision and recall in: 0.0126972s
dataset: gaussian8, l: 0.75, iteration: 5, wasserstein distance: 0.5224507916522939, precision: [0.992], recall: [0.981]
Evaluating k-NN precision and recall with 1000 samples...
Evaluated k-NN precision and recall in: 0.0133476s
dataset: gaussian8, l: 0.75, iteration: 3, wasserstein distance: 0.47819512792675356, precision: [0.992], recall: [0.981]
Evaluating k-NN precision and recall with 1000 samples...
Evaluated k-NN precision and recall in: 0.0133076s
dataset: gaussian8, l: 0.75, iteration: 9, wasserstein distance: 0.5716310356755926, precision: [0.989], recall: [0.969]
Evaluating k-NN precision and recall with 1000 samples...
Evaluated k-NN precision and recall in: 0.0132515s
dataset: gaussian8, l: 0.75, iteration: 2, wasserstein distance: 0.500099020197938, precision: [0.994], recall: [0.967]
Evaluating k-NN precision and recall with 1000 samples...
Evaluated k-NN precision and recall in: 0.0130136s
dataset: gaussian8, l: 0.75, iteration: 0, wasserstein distance: 0.4075462661550358, precision: [0.996], recall: [0.976]
Evaluating k-NN precision and recall with 1000 samples...
Evaluated k-NN precision and recall in: 0.0131464s
dataset: gaussian8, l: 0.75, iteration: 10, wasserstein distance: 0.6006101375443429, precision: [0.991], recall: [0.932]
Evaluating k-NN precision and recall with 1000 samples...
Evaluated k-NN precision and recall in: 0.0132828s
dataset: gaussian25, l: 0.0, iteration: 1, wasserstein distance: 0.34575066154571843, precision: [0.753], recall: [0.894]
Evaluating k-NN precision and recall with 1000 samples...
Evaluated k-NN precision and recall in: 0.0131595s
dataset: gaussian25, l: 0.0, iteration: 4, wasserstein distance: 0.18744440386429026, precision: [0.716], recall: [0.73]
Evaluating k-NN precision and recall with 1000 samples...
Evaluated k-NN precision and recall in: 0.0129075s
dataset: gaussian25, l: 0.0, iteration: 7, wasserstein distance: 0.12842049335992622, precision: [0.713], recall: [0.715]
Evaluating k-NN precision and recall with 1000 samples...
Evaluated k-NN precision and recall in: 0.0132222s
dataset: gaussian25, l: 0.0, iteration: 8, wasserstein distance: 0.17876557572388774, precision: [0.714], recall: [0.717]
Evaluating k-NN precision and recall with 1000 samples...
Evaluated k-NN precision and recall in: 0.0136244s
dataset: gaussian25, l: 0.0, iteration: 6, wasserstein distance: 0.18287575202649028, precision: [0.702], recall: [0.728]
Evaluating k-NN precision and recall with 1000 samples...
Evaluated k-NN precision and recall in: 0.0131826s
dataset: gaussian25, l: 0.0, iteration: 5, wasserstein distance: 0.14232212961805413, precision: [0.72], recall: [0.719]
Evaluating k-NN precision and recall with 1000 samples...
Evaluated k-NN precision and recall in: 0.0133777s
dataset: gaussian25, l: 0.0, iteration: 3, wasserstein distance: 0.19137529503441986, precision: [0.733], recall: [0.76]
Evaluating k-NN precision and recall with 1000 samples...
Evaluated k-NN precision and recall in: 0.0131776s
dataset: gaussian25, l: 0.0, iteration: 9, wasserstein distance: 0.11407953223674605, precision: [0.714], recall: [0.698]
Evaluating k-NN precision and recall with 1000 samples...
Evaluated k-NN precision and recall in: 0.0131724s
dataset: gaussian25, l: 0.0, iteration: 2, wasserstein distance: 0.24671221681734645, precision: [0.724], recall: [0.794]
Evaluating k-NN precision and recall with 1000 samples...
Evaluated k-NN precision and recall in: 0.0131638s
dataset: gaussian25, l: 0.0, iteration: 0, wasserstein distance: 0.40621636275399947, precision: [0.749], recall: [0.988]
Evaluating k-NN precision and recall with 1000 samples...
Evaluated k-NN precision and recall in: 0.013165s
dataset: gaussian25, l: 0.0, iteration: 10, wasserstein distance: 0.10788371421200485, precision: [0.714], recall: [0.699]
Evaluating k-NN precision and recall with 1000 samples...
Evaluated k-NN precision and recall in: 0.0128298s
dataset: gaussian8, l: 0.0, iteration: 1, wasserstein distance: 0.21707922888216286, precision: [0.991], recall: [0.996]
Evaluating k-NN precision and recall with 1000 samples...
Evaluated k-NN precision and recall in: 0.013545s
dataset: gaussian8, l: 0.0, iteration: 4, wasserstein distance: 0.1586826908409512, precision: [0.99], recall: [0.994]
Evaluating k-NN precision and recall with 1000 samples...
Evaluated k-NN precision and recall in: 0.0131607s
dataset: gaussian8, l: 0.0, iteration: 7, wasserstein distance: 0.15037357204156127, precision: [0.99], recall: [0.993]
Evaluating k-NN precision and recall with 1000 samples...
Evaluated k-NN precision and recall in: 0.0131018s
dataset: gaussian8, l: 0.0, iteration: 8, wasserstein distance: 0.22865657380690765, precision: [0.991], recall: [0.994]
Evaluating k-NN precision and recall with 1000 samples...
Evaluated k-NN precision and recall in: 0.0131633s
dataset: gaussian8, l: 0.0, iteration: 6, wasserstein distance: 0.1755802131664743, precision: [0.99], recall: [0.996]
Evaluating k-NN precision and recall with 1000 samples...
Evaluated k-NN precision and recall in: 0.0132802s
dataset: gaussian8, l: 0.0, iteration: 5, wasserstein distance: 0.17002002540494668, precision: [0.991], recall: [0.998]
Evaluating k-NN precision and recall with 1000 samples...
Evaluated k-NN precision and recall in: 0.0132892s
dataset: gaussian8, l: 0.0, iteration: 3, wasserstein distance: 0.22378497078897677, precision: [0.992], recall: [0.998]
Evaluating k-NN precision and recall with 1000 samples...
Evaluated k-NN precision and recall in: 0.0133059s
dataset: gaussian8, l: 0.0, iteration: 9, wasserstein distance: 0.1837223059935066, precision: [0.991], recall: [0.998]
Evaluating k-NN precision and recall with 1000 samples...
Evaluated k-NN precision and recall in: 0.013202s
dataset: gaussian8, l: 0.0, iteration: 2, wasserstein distance: 0.16695958557539795, precision: [0.99], recall: [0.997]
Evaluating k-NN precision and recall with 1000 samples...
Evaluated k-NN precision and recall in: 0.0134413s
dataset: gaussian8, l: 0.0, iteration: 0, wasserstein distance: 0.14129667631269086, precision: [0.99], recall: [0.996]
Evaluating k-NN precision and recall with 1000 samples...
Evaluated k-NN precision and recall in: 0.0137403s
dataset: gaussian8, l: 0.0, iteration: 10, wasserstein distance: 0.1834606754371972, precision: [0.991], recall: [0.997]
Evaluating k-NN precision and recall with 1000 samples...
Evaluated k-NN precision and recall in: 0.0131447s
dataset: twomoons, l: 1.0, iteration: 0, wasserstein distance: 0.3236883711654418, precision: [0.867], recall: [0.844]
Evaluating k-NN precision and recall with 1000 samples...
Evaluated k-NN precision and recall in: 0.0130463s
dataset: gaussian25, l: 0.25, iteration: 1, wasserstein distance: 0.46725336337579654, precision: [0.762], recall: [0.962]
Evaluating k-NN precision and recall with 1000 samples...
Evaluated k-NN precision and recall in: 0.0131392s
dataset: gaussian25, l: 0.25, iteration: 4, wasserstein distance: 0.35579283960913205, precision: [0.758], recall: [0.888]
Evaluating k-NN precision and recall with 1000 samples...
Evaluated k-NN precision and recall in: 0.0131686s
dataset: gaussian25, l: 0.25, iteration: 7, wasserstein distance: 0.3541433529975276, precision: [0.747], recall: [0.807]
Evaluating k-NN precision and recall with 1000 samples...
Evaluated k-NN precision and recall in: 0.0131326s
dataset: gaussian25, l: 0.25, iteration: 8, wasserstein distance: 0.45799320665722143, precision: [0.753], recall: [0.752]
Evaluating k-NN precision and recall with 1000 samples...
Evaluated k-NN precision and recall in: 0.0133369s
dataset: gaussian25, l: 0.25, iteration: 6, wasserstein distance: 0.44671169936977684, precision: [0.756], recall: [0.795]
Evaluating k-NN precision and recall with 1000 samples...
Evaluated k-NN precision and recall in: 0.0131459s
dataset: gaussian25, l: 0.25, iteration: 5, wasserstein distance: 0.29129670307047545, precision: [0.741], recall: [0.846]
Evaluating k-NN precision and recall with 1000 samples...
Evaluated k-NN precision and recall in: 0.0131309s
dataset: gaussian25, l: 0.25, iteration: 3, wasserstein distance: 0.30932821012592865, precision: [0.765], recall: [0.915]
Evaluating k-NN precision and recall with 1000 samples...
Evaluated k-NN precision and recall in: 0.0132916s
dataset: gaussian25, l: 0.25, iteration: 9, wasserstein distance: 0.39658386992094247, precision: [0.743], recall: [0.782]
Evaluating k-NN precision and recall with 1000 samples...
Evaluated k-NN precision and recall in: 0.0131829s
dataset: gaussian25, l: 0.25, iteration: 2, wasserstein distance: 0.3418650093784891, precision: [0.772], recall: [0.955]
Evaluating k-NN precision and recall with 1000 samples...
Evaluated k-NN precision and recall in: 0.0131557s
dataset: gaussian25, l: 0.25, iteration: 0, wasserstein distance: 0.40944224445022465, precision: [0.762], recall: [0.987]
Evaluating k-NN precision and recall with 1000 samples...
Evaluated k-NN precision and recall in: 0.0133414s
dataset: gaussian25, l: 0.25, iteration: 10, wasserstein distance: 0.3197095217466765, precision: [0.74], recall: [0.775]
Evaluating k-NN precision and recall with 1000 samples...
Evaluated k-NN precision and recall in: 0.0127406s
dataset: gaussian1, l: 0.0, iteration: 1, wasserstein distance: 0.19184083729158782, precision: [0.993], recall: [0.972]
Evaluating k-NN precision and recall with 1000 samples...
Evaluated k-NN precision and recall in: 0.012887s
dataset: gaussian1, l: 0.0, iteration: 4, wasserstein distance: 0.11516874214636053, precision: [0.995], recall: [0.977]
Evaluating k-NN precision and recall with 1000 samples...
Evaluated k-NN precision and recall in: 0.0134306s
dataset: gaussian1, l: 0.0, iteration: 7, wasserstein distance: 0.10636743363671303, precision: [0.995], recall: [0.972]
Evaluating k-NN precision and recall with 1000 samples...
Evaluated k-NN precision and recall in: 0.0135155s
dataset: gaussian1, l: 0.0, iteration: 8, wasserstein distance: 0.1279363959079918, precision: [0.995], recall: [0.973]
Evaluating k-NN precision and recall with 1000 samples...
Evaluated k-NN precision and recall in: 0.0131581s
dataset: gaussian1, l: 0.0, iteration: 6, wasserstein distance: 0.09634847683810116, precision: [0.995], recall: [0.973]
Evaluating k-NN precision and recall with 1000 samples...
Evaluated k-NN precision and recall in: 0.0131919s
dataset: gaussian1, l: 0.0, iteration: 5, wasserstein distance: 0.11284212211557412, precision: [0.995], recall: [0.975]
Evaluating k-NN precision and recall with 1000 samples...
Evaluated k-NN precision and recall in: 0.0132763s
dataset: gaussian1, l: 0.0, iteration: 3, wasserstein distance: 0.1194777398869882, precision: [0.995], recall: [0.976]
Evaluating k-NN precision and recall with 1000 samples...
Evaluated k-NN precision and recall in: 0.0132844s
dataset: gaussian1, l: 0.0, iteration: 9, wasserstein distance: 0.09812966972791055, precision: [0.994], recall: [0.969]
Evaluating k-NN precision and recall with 1000 samples...
Evaluated k-NN precision and recall in: 0.0131624s
dataset: gaussian1, l: 0.0, iteration: 2, wasserstein distance: 0.12697222153322257, precision: [0.995], recall: [0.977]
Evaluating k-NN precision and recall with 1000 samples...
Evaluated k-NN precision and recall in: 0.0127466s
dataset: gaussian1, l: 0.0, iteration: 0, wasserstein distance: 0.23174850637362418, precision: [0.992], recall: [0.967]
Evaluating k-NN precision and recall with 1000 samples...
Evaluated k-NN precision and recall in: 0.0131295s
dataset: gaussian1, l: 0.0, iteration: 10, wasserstein distance: 0.11533271615353466, precision: [0.994], recall: [0.971]
Evaluating k-NN precision and recall with 1000 samples...
Evaluated k-NN precision and recall in: 0.0132327s
dataset: twomoons, l: 0.5, iteration: 1, wasserstein distance: 0.37241195513075503, precision: [0.844], recall: [0.812]
Evaluating k-NN precision and recall with 1000 samples...
Evaluated k-NN precision and recall in: 0.0131843s
dataset: twomoons, l: 0.5, iteration: 4, wasserstein distance: 0.21749587120761252, precision: [0.818], recall: [0.865]
Evaluating k-NN precision and recall with 1000 samples...
Evaluated k-NN precision and recall in: 0.0128007s
dataset: twomoons, l: 0.5, iteration: 7, wasserstein distance: 0.19231444851534402, precision: [0.813], recall: [0.873]
Evaluating k-NN precision and recall with 1000 samples...
Evaluated k-NN precision and recall in: 0.0132761s
dataset: twomoons, l: 0.5, iteration: 8, wasserstein distance: 0.1937026459234595, precision: [0.811], recall: [0.87]
Evaluating k-NN precision and recall with 1000 samples...
Evaluated k-NN precision and recall in: 0.0132844s
dataset: twomoons, l: 0.5, iteration: 6, wasserstein distance: 0.1888385439334001, precision: [0.81], recall: [0.871]
Evaluating k-NN precision and recall with 1000 samples...
Evaluated k-NN precision and recall in: 0.0133502s
dataset: twomoons, l: 0.5, iteration: 5, wasserstein distance: 0.20284490209609404, precision: [0.814], recall: [0.876]
Evaluating k-NN precision and recall with 1000 samples...
Evaluated k-NN precision and recall in: 0.0133579s
dataset: twomoons, l: 0.5, iteration: 3, wasserstein distance: 0.2702340868208965, precision: [0.825], recall: [0.837]
Evaluating k-NN precision and recall with 1000 samples...
Evaluated k-NN precision and recall in: 0.0135143s
dataset: twomoons, l: 0.5, iteration: 9, wasserstein distance: 0.19662444591105163, precision: [0.813], recall: [0.868]
Evaluating k-NN precision and recall with 1000 samples...
Evaluated k-NN precision and recall in: 0.0132408s
dataset: twomoons, l: 0.5, iteration: 2, wasserstein distance: 0.34522093538206583, precision: [0.837], recall: [0.815]
Evaluating k-NN precision and recall with 1000 samples...
Evaluated k-NN precision and recall in: 0.0132151s
dataset: twomoons, l: 0.5, iteration: 0, wasserstein distance: 0.3236883710270995, precision: [0.857], recall: [0.849]
Evaluating k-NN precision and recall with 1000 samples...
Evaluated k-NN precision and recall in: 0.0131843s
dataset: twomoons, l: 0.5, iteration: 10, wasserstein distance: 0.19629846293498676, precision: [0.81], recall: [0.864]
Evaluating k-NN precision and recall with 1000 samples...
Evaluated k-NN precision and recall in: 0.0132918s
dataset: swissroll, l: 0.75, iteration: 1, wasserstein distance: 0.40646509352308097, precision: [0.775], recall: [0.933]
Evaluating k-NN precision and recall with 1000 samples...
Evaluated k-NN precision and recall in: 0.0132372s
dataset: swissroll, l: 0.75, iteration: 4, wasserstein distance: 0.6246123857338368, precision: [0.785], recall: [0.864]
Evaluating k-NN precision and recall with 1000 samples...
Evaluated k-NN precision and recall in: 0.0132401s
dataset: swissroll, l: 0.75, iteration: 7, wasserstein distance: 0.7182740972402666, precision: [0.783], recall: [0.843]
Evaluating k-NN precision and recall with 1000 samples...
Evaluated k-NN precision and recall in: 0.0131819s
dataset: swissroll, l: 0.75, iteration: 8, wasserstein distance: 0.772700034919786, precision: [0.787], recall: [0.837]
Evaluating k-NN precision and recall with 1000 samples...
Evaluated k-NN precision and recall in: 0.0133598s
dataset: swissroll, l: 0.75, iteration: 6, wasserstein distance: 0.6835337281010874, precision: [0.784], recall: [0.849]
Evaluating k-NN precision and recall with 1000 samples...
Evaluated k-NN precision and recall in: 0.0138106s
dataset: swissroll, l: 0.75, iteration: 5, wasserstein distance: 0.6386938803153253, precision: [0.782], recall: [0.86]
Evaluating k-NN precision and recall with 1000 samples...
Evaluated k-NN precision and recall in: 0.0134466s
dataset: swissroll, l: 0.75, iteration: 3, wasserstein distance: 0.5497569024960852, precision: [0.786], recall: [0.882]
Evaluating k-NN precision and recall with 1000 samples...
Evaluated k-NN precision and recall in: 0.0127757s
dataset: swissroll, l: 0.75, iteration: 9, wasserstein distance: 0.8317399805458437, precision: [0.782], recall: [0.831]
Evaluating k-NN precision and recall with 1000 samples...
Evaluated k-NN precision and recall in: 0.0133348s
dataset: swissroll, l: 0.75, iteration: 2, wasserstein distance: 0.4780314845515429, precision: [0.78], recall: [0.903]
Evaluating k-NN precision and recall with 1000 samples...
Evaluated k-NN precision and recall in: 0.0132689s
dataset: swissroll, l: 0.75, iteration: 0, wasserstein distance: 0.23373688763175426, precision: [0.742], recall: [0.953]
Evaluating k-NN precision and recall with 1000 samples...
Evaluated k-NN precision and recall in: 0.0134048s
dataset: swissroll, l: 0.75, iteration: 10, wasserstein distance: 0.8912482960578131, precision: [0.775], recall: [0.819]
Evaluating k-NN precision and recall with 1000 samples...
Evaluated k-NN precision and recall in: 0.0134096s
dataset: swissroll, l: 1.0, iteration: 0, wasserstein distance: 0.23373688763175487, precision: [0.752], recall: [0.953]
Evaluating k-NN precision and recall with 1000 samples...
Evaluated k-NN precision and recall in: 0.0132356s
dataset: gaussian1, l: 1.0, iteration: 1, wasserstein distance: 0.36820995046570454, precision: [0.997], recall: [0.928]
Evaluating k-NN precision and recall with 1000 samples...
Evaluated k-NN precision and recall in: 0.0131984s
dataset: gaussian1, l: 1.0, iteration: 4, wasserstein distance: 0.5865713122533129, precision: [0.996], recall: [0.802]
Evaluating k-NN precision and recall with 1000 samples...
Evaluated k-NN precision and recall in: 0.0131981s
dataset: gaussian1, l: 1.0, iteration: 7, wasserstein distance: 0.7535951270880651, precision: [0.998], recall: [0.653]
Evaluating k-NN precision and recall with 1000 samples...
Evaluated k-NN precision and recall in: 0.0131133s
dataset: gaussian1, l: 1.0, iteration: 8, wasserstein distance: 0.8158689899316792, precision: [0.998], recall: [0.596]
Evaluating k-NN precision and recall with 1000 samples...
Evaluated k-NN precision and recall in: 0.0132668s
dataset: gaussian1, l: 1.0, iteration: 6, wasserstein distance: 0.6961179660949436, precision: [0.997], recall: [0.697]
Evaluating k-NN precision and recall with 1000 samples...
Evaluated k-NN precision and recall in: 0.0133016s
dataset: gaussian1, l: 1.0, iteration: 5, wasserstein distance: 0.6425705577045133, precision: [0.997], recall: [0.743]
Evaluating k-NN precision and recall with 1000 samples...
Evaluated k-NN precision and recall in: 0.013051s
dataset: gaussian1, l: 1.0, iteration: 3, wasserstein distance: 0.5172036988313703, precision: [0.997], recall: [0.855]
Evaluating k-NN precision and recall with 1000 samples...
Evaluated k-NN precision and recall in: 0.013159s
dataset: gaussian1, l: 1.0, iteration: 9, wasserstein distance: 0.882283060502399, precision: [0.999], recall: [0.55]
Evaluating k-NN precision and recall with 1000 samples...
Evaluated k-NN precision and recall in: 0.0134132s
dataset: gaussian1, l: 1.0, iteration: 2, wasserstein distance: 0.4506291257259325, precision: [0.997], recall: [0.899]
Evaluating k-NN precision and recall with 1000 samples...
Evaluated k-NN precision and recall in: 0.013145s
dataset: gaussian1, l: 1.0, iteration: 0, wasserstein distance: 0.2295954763597707, precision: [0.994], recall: [0.965]
Evaluating k-NN precision and recall with 1000 samples...
Evaluated k-NN precision and recall in: 0.0132763s
dataset: gaussian1, l: 1.0, iteration: 10, wasserstein distance: 0.9514853675243906, precision: [0.999], recall: [0.511]
Evaluating k-NN precision and recall with 1000 samples...
Evaluated k-NN precision and recall in: 0.0129118s
dataset: gaussian2, l: 0.25, iteration: 1, wasserstein distance: 0.3233046749652897, precision: [0.989], recall: [0.945]
Evaluating k-NN precision and recall with 1000 samples...
Evaluated k-NN precision and recall in: 0.0133071s
dataset: gaussian2, l: 0.25, iteration: 4, wasserstein distance: 0.14678392183315156, precision: [0.992], recall: [0.953]
Evaluating k-NN precision and recall with 1000 samples...
Evaluated k-NN precision and recall in: 0.0131576s
dataset: gaussian2, l: 0.25, iteration: 7, wasserstein distance: 0.09731137048830445, precision: [0.991], recall: [0.958]
Evaluating k-NN precision and recall with 1000 samples...
Evaluated k-NN precision and recall in: 0.013124s
dataset: gaussian2, l: 0.25, iteration: 8, wasserstein distance: 0.10148227333362259, precision: [0.994], recall: [0.958]
Evaluating k-NN precision and recall with 1000 samples...
Evaluated k-NN precision and recall in: 0.0131919s
dataset: gaussian2, l: 0.25, iteration: 6, wasserstein distance: 0.11567136681256597, precision: [0.993], recall: [0.955]
Evaluating k-NN precision and recall with 1000 samples...
Evaluated k-NN precision and recall in: 0.013027s
dataset: gaussian2, l: 0.25, iteration: 5, wasserstein distance: 0.13571234632378937, precision: [0.991], recall: [0.954]
Evaluating k-NN precision and recall with 1000 samples...
Evaluated k-NN precision and recall in: 0.013191s
dataset: gaussian2, l: 0.25, iteration: 3, wasserstein distance: 0.1302353272239608, precision: [0.989], recall: [0.955]
Evaluating k-NN precision and recall with 1000 samples...
Evaluated k-NN precision and recall in: 0.0131462s
dataset: gaussian2, l: 0.25, iteration: 9, wasserstein distance: 0.10736418736949395, precision: [0.989], recall: [0.958]
Evaluating k-NN precision and recall with 1000 samples...
Evaluated k-NN precision and recall in: 0.0133646s
dataset: gaussian2, l: 0.25, iteration: 2, wasserstein distance: 0.22644323105426534, precision: [0.989], recall: [0.956]
Evaluating k-NN precision and recall with 1000 samples...
Evaluated k-NN precision and recall in: 0.0132198s
dataset: gaussian2, l: 0.25, iteration: 0, wasserstein distance: 0.30971322485559805, precision: [0.99], recall: [0.949]
Evaluating k-NN precision and recall with 1000 samples...
Evaluated k-NN precision and recall in: 0.0133364s
dataset: gaussian2, l: 0.25, iteration: 10, wasserstein distance: 0.10015887318292495, precision: [0.991], recall: [0.958]
Evaluating k-NN precision and recall with 1000 samples...
Evaluated k-NN precision and recall in: 0.013134s
dataset: gaussian25, l: 1.0, iteration: 1, wasserstein distance: 0.661583373458576, precision: [0.752], recall: [0.99]
Evaluating k-NN precision and recall with 1000 samples...
Evaluated k-NN precision and recall in: 0.0131614s
dataset: gaussian25, l: 1.0, iteration: 4, wasserstein distance: 1.1425573107842955, precision: [0.715], recall: [0.977]
Evaluating k-NN precision and recall with 1000 samples...
Evaluated k-NN precision and recall in: 0.0132339s
dataset: gaussian25, l: 1.0, iteration: 7, wasserstein distance: 1.629170361414088, precision: [0.688], recall: [0.928]
Evaluating k-NN precision and recall with 1000 samples...
Evaluated k-NN precision and recall in: 0.0131719s
dataset: gaussian25, l: 1.0, iteration: 8, wasserstein distance: 1.7942190418219028, precision: [0.672], recall: [0.907]
Evaluating k-NN precision and recall with 1000 samples...
Evaluated k-NN precision and recall in: 0.0129905s
dataset: gaussian25, l: 1.0, iteration: 6, wasserstein distance: 1.462194745142211, precision: [0.695], recall: [0.947]
Evaluating k-NN precision and recall with 1000 samples...
Evaluated k-NN precision and recall in: 0.0130932s
dataset: gaussian25, l: 1.0, iteration: 5, wasserstein distance: 1.299116540289214, precision: [0.696], recall: [0.965]
Evaluating k-NN precision and recall with 1000 samples...
Evaluated k-NN precision and recall in: 0.012609s
dataset: gaussian25, l: 1.0, iteration: 3, wasserstein distance: 0.9592368285625118, precision: [0.728], recall: [0.984]
Evaluating k-NN precision and recall with 1000 samples...
Evaluated k-NN precision and recall in: 0.013221s
dataset: gaussian25, l: 1.0, iteration: 9, wasserstein distance: 1.9632514425076895, precision: [0.634], recall: [0.886]
Evaluating k-NN precision and recall with 1000 samples...
Evaluated k-NN precision and recall in: 0.0131814s
dataset: gaussian25, l: 1.0, iteration: 2, wasserstein distance: 0.8009423496725614, precision: [0.738], recall: [0.987]
Evaluating k-NN precision and recall with 1000 samples...
Evaluated k-NN precision and recall in: 0.0130849s
dataset: gaussian25, l: 1.0, iteration: 0, wasserstein distance: 0.4069021412976345, precision: [0.757], recall: [0.991]
Evaluating k-NN precision and recall with 1000 samples...
Evaluated k-NN precision and recall in: 0.013145s
dataset: gaussian25, l: 1.0, iteration: 10, wasserstein distance: 2.1354964037415267, precision: [0.59], recall: [0.874]
Evaluating k-NN precision and recall with 1000 samples...
Evaluated k-NN precision and recall in: 0.0125954s
dataset: gaussian1, l: 0.75, iteration: 1, wasserstein distance: 0.3515594277560686, precision: [0.996], recall: [0.94]
Evaluating k-NN precision and recall with 1000 samples...
Evaluated k-NN precision and recall in: 0.0131178s
dataset: gaussian1, l: 0.75, iteration: 4, wasserstein distance: 0.34973934834500897, precision: [0.997], recall: [0.957]
Evaluating k-NN precision and recall with 1000 samples...
Evaluated k-NN precision and recall in: 0.0129952s
dataset: gaussian1, l: 0.75, iteration: 7, wasserstein distance: 0.3229222759483824, precision: [0.997], recall: [0.956]
Evaluating k-NN precision and recall with 1000 samples...
Evaluated k-NN precision and recall in: 0.0131674s
dataset: gaussian1, l: 0.75, iteration: 8, wasserstein distance: 0.3199696973580916, precision: [0.996], recall: [0.959]
Evaluating k-NN precision and recall with 1000 samples...
Evaluated k-NN precision and recall in: 0.0131803s
dataset: gaussian1, l: 0.75, iteration: 6, wasserstein distance: 0.32756081721206737, precision: [0.997], recall: [0.958]
Evaluating k-NN precision and recall with 1000 samples...
Evaluated k-NN precision and recall in: 0.0128083s
dataset: gaussian1, l: 0.75, iteration: 5, wasserstein distance: 0.3334813550851946, precision: [0.997], recall: [0.959]
Evaluating k-NN precision and recall with 1000 samples...
Evaluated k-NN precision and recall in: 0.0131063s
dataset: gaussian1, l: 0.75, iteration: 3, wasserstein distance: 0.3391513655151207, precision: [0.997], recall: [0.959]
Evaluating k-NN precision and recall with 1000 samples...
Evaluated k-NN precision and recall in: 0.013345s
dataset: gaussian1, l: 0.75, iteration: 9, wasserstein distance: 0.3257609297230488, precision: [0.997], recall: [0.954]
Evaluating k-NN precision and recall with 1000 samples...
Evaluated k-NN precision and recall in: 0.0131629s
dataset: gaussian1, l: 0.75, iteration: 2, wasserstein distance: 0.3410910165047315, precision: [0.997], recall: [0.953]
Evaluating k-NN precision and recall with 1000 samples...
Evaluated k-NN precision and recall in: 0.0131519s
dataset: gaussian1, l: 0.75, iteration: 0, wasserstein distance: 0.2424127919695617, precision: [0.994], recall: [0.965]
Evaluating k-NN precision and recall with 1000 samples...
Evaluated k-NN precision and recall in: 0.012845s
dataset: gaussian1, l: 0.75, iteration: 10, wasserstein distance: 0.3364187033611685, precision: [0.998], recall: [0.948]
Evaluating k-NN precision and recall with 1000 samples...
Evaluated k-NN precision and recall in: 0.0131545s
dataset: gaussian1, l: 0.25, iteration: 1, wasserstein distance: 0.2520829371047167, precision: [0.995], recall: [0.963]
Evaluating k-NN precision and recall with 1000 samples...
Evaluated k-NN precision and recall in: 0.0133934s
dataset: gaussian1, l: 0.25, iteration: 4, wasserstein distance: 0.1442722901272361, precision: [0.993], recall: [0.973]
Evaluating k-NN precision and recall with 1000 samples...
Evaluated k-NN precision and recall in: 0.013236s
dataset: gaussian1, l: 0.25, iteration: 7, wasserstein distance: 0.11786060961174022, precision: [0.991], recall: [0.972]
Evaluating k-NN precision and recall with 1000 samples...
Evaluated k-NN precision and recall in: 0.013375s
dataset: gaussian1, l: 0.25, iteration: 8, wasserstein distance: 0.12015498366266891, precision: [0.991], recall: [0.972]
Evaluating k-NN precision and recall with 1000 samples...
Evaluated k-NN precision and recall in: 0.0134313s
dataset: gaussian1, l: 0.25, iteration: 6, wasserstein distance: 0.11287012845344442, precision: [0.992], recall: [0.975]
Evaluating k-NN precision and recall with 1000 samples...
Evaluated k-NN precision and recall in: 0.0130916s
dataset: gaussian1, l: 0.25, iteration: 5, wasserstein distance: 0.10598146833843367, precision: [0.992], recall: [0.975]
Evaluating k-NN precision and recall with 1000 samples...
Evaluated k-NN precision and recall in: 0.0131094s
dataset: gaussian1, l: 0.25, iteration: 3, wasserstein distance: 0.15172042844610545, precision: [0.993], recall: [0.974]
Evaluating k-NN precision and recall with 1000 samples...
Evaluated k-NN precision and recall in: 0.0133214s
dataset: gaussian1, l: 0.25, iteration: 9, wasserstein distance: 0.12712381226707764, precision: [0.993], recall: [0.969]
Evaluating k-NN precision and recall with 1000 samples...
Evaluated k-NN precision and recall in: 0.0132148s
dataset: gaussian1, l: 0.25, iteration: 2, wasserstein distance: 0.15819105085626364, precision: [0.994], recall: [0.974]
Evaluating k-NN precision and recall with 1000 samples...
Evaluated k-NN precision and recall in: 0.0134413s
dataset: gaussian1, l: 0.25, iteration: 0, wasserstein distance: 0.18943646836858885, precision: [0.994], recall: [0.963]
Evaluating k-NN precision and recall with 1000 samples...
Evaluated k-NN precision and recall in: 0.0133271s
dataset: gaussian1, l: 0.25, iteration: 10, wasserstein distance: 0.13609056504013656, precision: [0.993], recall: [0.969]
