True
Training on Real Data
epochs: 120
Dataset: mnist
Effective batch-size is 128 * 1 = 128.
synth sampled has length 0
Checkpoint will be saved to /dcs/22/u2211900/ddpm-torch/chkpts/mnist/mnist.pt every 120 epoch(s)
Generated images (x64) will be saved to /dcs/22/u2211900/ddpm-torch/images/train/mnist every 10 epoch(s)
starting epoch is 120
Chekpoint loaded sccessfully from chkpts/mnist/mnist_120.pt
cuDNN benchmark: ON
Training starts...
Training completed!
epochs: 170
Dataset: mnist
Effective batch-size is 128 * 1 = 128.
shape of samples is (128, 1, 32, 32)
synth sampled has length 128
Checkpoint will be saved to /dcs/22/u2211900/ddpm-torch/chkpts/mnist/mnist_170_1.0.pt every 170 epoch(s)
Generated images (x64) will be saved to /dcs/22/u2211900/ddpm-torch/images/train/mnist every 10 epoch(s)
starting epoch is 120
Chekpoint loaded sccessfully from chkpts/mnist/mnist_120.pt
cuDNN benchmark: ON
Training starts...
epoch number: 120
outside trainloader
in trainloder
epoch number: 121
outside trainloader
in trainloder
epoch number: 122
outside trainloader
in trainloder
epoch number: 123
outside trainloader
in trainloder
epoch number: 124
outside trainloader
in trainloder
epoch number: 125
outside trainloader
in trainloder
epoch number: 126
outside trainloader
in trainloder
epoch number: 127
outside trainloader
in trainloder
epoch number: 128
outside trainloader
in trainloder
epoch number: 129
outside trainloader
in trainloder
epoch number: 130
outside trainloader
in trainloder
epoch number: 131
outside trainloader
in trainloder
epoch number: 132
outside trainloader
in trainloder
epoch number: 133
outside trainloader
in trainloder
epoch number: 134
outside trainloader
in trainloder
epoch number: 135
outside trainloader
in trainloder
epoch number: 136
outside trainloader
in trainloder
epoch number: 137
outside trainloader
in trainloder
epoch number: 138
outside trainloader
in trainloder
epoch number: 139
outside trainloader
in trainloder
epoch number: 140
outside trainloader
in trainloder
epoch number: 141
outside trainloader
in trainloder
epoch number: 142
outside trainloader
in trainloder
epoch number: 143
outside trainloader
in trainloder
epoch number: 144
outside trainloader
in trainloder
epoch number: 145
outside trainloader
in trainloder
epoch number: 146
outside trainloader
in trainloder
epoch number: 147
outside trainloader
in trainloder
epoch number: 148
outside trainloader
in trainloder
epoch number: 149
outside trainloader
in trainloder
epoch number: 150
outside trainloader
in trainloder
epoch number: 151
outside trainloader
in trainloder
epoch number: 152
outside trainloader
in trainloder
epoch number: 153
outside trainloader
in trainloder
epoch number: 154
outside trainloader
in trainloder
epoch number: 155
outside trainloader
in trainloder
epoch number: 156
outside trainloader
in trainloder
epoch number: 157
outside trainloader
in trainloder
epoch number: 158
outside trainloader
in trainloder
epoch number: 159
outside trainloader
in trainloder
epoch number: 160
outside trainloader
in trainloder
epoch number: 161
outside trainloader
in trainloder
epoch number: 162
outside trainloader
in trainloder
epoch number: 163
outside trainloader
in trainloder
epoch number: 164
outside trainloader
in trainloder
epoch number: 165
outside trainloader
in trainloder
epoch number: 166
outside trainloader
in trainloder
epoch number: 167
outside trainloader
in trainloder
epoch number: 168
outside trainloader
in trainloder
epoch number: 169
outside trainloader
in trainloder
checkpoint saved to  ./chkpts/mnist/mnist_170_1.0.pt
Training completed!
epochs: 220
Dataset: mnist
Effective batch-size is 128 * 1 = 128.
shape of samples is (128, 1, 32, 32)
synth sampled has length 128
Checkpoint will be saved to /dcs/22/u2211900/ddpm-torch/chkpts/mnist/mnist_220_1.0.pt every 220 epoch(s)
Generated images (x64) will be saved to /dcs/22/u2211900/ddpm-torch/images/train/mnist every 10 epoch(s)
Checkpoint file does not exist!
Starting from scratch...
cuDNN benchmark: ON
Training starts...
epoch number: 0
outside trainloader
in trainloder
epoch number: 1
outside trainloader
in trainloder
epoch number: 2
outside trainloader
in trainloder
epoch number: 3
outside trainloader
in trainloder
epoch number: 4
outside trainloader
in trainloder
epoch number: 5
outside trainloader
in trainloder
epoch number: 6
outside trainloader
in trainloder
epoch number: 7
outside trainloader
in trainloder
epoch number: 8
outside trainloader
in trainloder
epoch number: 9
outside trainloader
in trainloder
epoch number: 10
outside trainloader
in trainloder
epoch number: 11
outside trainloader
in trainloder
epoch number: 12
outside trainloader
in trainloder
epoch number: 13
outside trainloader
in trainloder
epoch number: 14
outside trainloader
in trainloder
epoch number: 15
outside trainloader
in trainloder
epoch number: 16
outside trainloader
in trainloder
