True
Training on Real Data
epochs: 200
Dataset: mnist
Effective batch-size is 128 * 1 = 128.
synth sampled has length 0
Checkpoint will be saved to /dcs/22/u2211900/ddpm-torch/chkpts/mnist/mnist_200_1.0.pt every 200 epoch(s)
Generated images (x64) will be saved to /dcs/22/u2211900/ddpm-torch/images/train/mnist every 10 epoch(s)
starting epoch is 200
Chekpoint loaded sccessfully from chkpts/mnist/mnist_200_1.0.pt
cuDNN benchmark: ON
Training starts...
Training completed!
epochs: 250
Dataset: mnist
Effective batch-size is 128 * 1 = 128.
shape of samples is (128, 1, 32, 32)
synth sampled has length 128
Checkpoint will be saved to /dcs/22/u2211900/ddpm-torch/chkpts/mnist/mnist_250_1.0.pt every 250 epoch(s)
Generated images (x64) will be saved to /dcs/22/u2211900/ddpm-torch/images/train/mnist every 10 epoch(s)
starting epoch is 250
Chekpoint loaded sccessfully from chkpts/mnist/mnist_250_1.0.pt
cuDNN benchmark: ON
Training starts...
Training completed!
epochs: 300
Dataset: mnist
Effective batch-size is 128 * 1 = 128.
shape of samples is (128, 1, 32, 32)
synth sampled has length 128
Checkpoint will be saved to /dcs/22/u2211900/ddpm-torch/chkpts/mnist/mnist_300_1.0.pt every 300 epoch(s)
Generated images (x64) will be saved to /dcs/22/u2211900/ddpm-torch/images/train/mnist every 10 epoch(s)
starting epoch is 300
Chekpoint loaded sccessfully from chkpts/mnist/mnist_300_1.0.pt
cuDNN benchmark: ON
Training starts...
Training completed!
epochs: 350
Dataset: mnist
Effective batch-size is 128 * 1 = 128.
shape of samples is (128, 1, 32, 32)
synth sampled has length 128
Checkpoint will be saved to /dcs/22/u2211900/ddpm-torch/chkpts/mnist/mnist_350_1.0.pt every 350 epoch(s)
Generated images (x64) will be saved to /dcs/22/u2211900/ddpm-torch/images/train/mnist every 10 epoch(s)
starting epoch is 350
Chekpoint loaded sccessfully from chkpts/mnist/mnist_350_1.0.pt
cuDNN benchmark: ON
Training starts...
Training completed!
epochs: 400
Dataset: mnist
Effective batch-size is 128 * 1 = 128.
shape of samples is (128, 1, 32, 32)
synth sampled has length 128
Checkpoint will be saved to /dcs/22/u2211900/ddpm-torch/chkpts/mnist/mnist_400_1.0.pt every 400 epoch(s)
Generated images (x64) will be saved to /dcs/22/u2211900/ddpm-torch/images/train/mnist every 10 epoch(s)
starting epoch is 400
Chekpoint loaded sccessfully from chkpts/mnist/mnist_400_1.0.pt
cuDNN benchmark: ON
Training starts...
Training completed!
epochs: 450
Dataset: mnist
Effective batch-size is 128 * 1 = 128.
shape of samples is (128, 1, 32, 32)
synth sampled has length 128
Checkpoint will be saved to /dcs/22/u2211900/ddpm-torch/chkpts/mnist/mnist_450_1.0.pt every 450 epoch(s)
Generated images (x64) will be saved to /dcs/22/u2211900/ddpm-torch/images/train/mnist every 10 epoch(s)
starting epoch is 450
Chekpoint loaded sccessfully from chkpts/mnist/mnist_450_1.0.pt
cuDNN benchmark: ON
Training starts...
Training completed!
epochs: 500
Dataset: mnist
Effective batch-size is 128 * 1 = 128.
shape of samples is (128, 1, 32, 32)
synth sampled has length 128
Checkpoint will be saved to /dcs/22/u2211900/ddpm-torch/chkpts/mnist/mnist_500_1.0.pt every 500 epoch(s)
Generated images (x64) will be saved to /dcs/22/u2211900/ddpm-torch/images/train/mnist every 10 epoch(s)
starting epoch is 500
Chekpoint loaded sccessfully from chkpts/mnist/mnist_500_1.0.pt
cuDNN benchmark: ON
Training starts...
Training completed!
epochs: 550
Dataset: mnist
Effective batch-size is 128 * 1 = 128.
shape of samples is (128, 1, 32, 32)
synth sampled has length 128
Checkpoint will be saved to /dcs/22/u2211900/ddpm-torch/chkpts/mnist/mnist_550_1.0.pt every 550 epoch(s)
Generated images (x64) will be saved to /dcs/22/u2211900/ddpm-torch/images/train/mnist every 10 epoch(s)
starting epoch is 550
Chekpoint loaded sccessfully from chkpts/mnist/mnist_550_1.0.pt
cuDNN benchmark: ON
Training starts...
Training completed!
epochs: 600
Dataset: mnist
Effective batch-size is 128 * 1 = 128.
shape of samples is (128, 1, 32, 32)
synth sampled has length 128
Checkpoint will be saved to /dcs/22/u2211900/ddpm-torch/chkpts/mnist/mnist_600_1.0.pt every 600 epoch(s)
Generated images (x64) will be saved to /dcs/22/u2211900/ddpm-torch/images/train/mnist every 10 epoch(s)
starting epoch is 600
Chekpoint loaded sccessfully from chkpts/mnist/mnist_600_1.0.pt
cuDNN benchmark: ON
Training starts...
Training completed!
epochs: 650
Dataset: mnist
Effective batch-size is 128 * 1 = 128.
shape of samples is (128, 1, 32, 32)
synth sampled has length 128
Checkpoint will be saved to /dcs/22/u2211900/ddpm-torch/chkpts/mnist/mnist_650_1.0.pt every 650 epoch(s)
Generated images (x64) will be saved to /dcs/22/u2211900/ddpm-torch/images/train/mnist every 10 epoch(s)
starting epoch is 650
Chekpoint loaded sccessfully from chkpts/mnist/mnist_650_1.0.pt
cuDNN benchmark: ON
Training starts...
Training completed!
epochs: 700
Dataset: mnist
Effective batch-size is 128 * 1 = 128.
shape of samples is (128, 1, 32, 32)
synth sampled has length 128
Checkpoint will be saved to /dcs/22/u2211900/ddpm-torch/chkpts/mnist/mnist_700_1.0.pt every 700 epoch(s)
Generated images (x64) will be saved to /dcs/22/u2211900/ddpm-torch/images/train/mnist every 10 epoch(s)
starting epoch is 700
Chekpoint loaded sccessfully from chkpts/mnist/mnist_700_1.0.pt
cuDNN benchmark: ON
Training starts...
Training completed!
epochs: 750
Dataset: mnist
Effective batch-size is 128 * 1 = 128.
shape of samples is (128, 1, 32, 32)
synth sampled has length 128
Checkpoint will be saved to /dcs/22/u2211900/ddpm-torch/chkpts/mnist/mnist_750_1.0.pt every 750 epoch(s)
Generated images (x64) will be saved to /dcs/22/u2211900/ddpm-torch/images/train/mnist every 10 epoch(s)
starting epoch is 750
Chekpoint loaded sccessfully from chkpts/mnist/mnist_750_1.0.pt
cuDNN benchmark: ON
Training starts...
Training completed!
epochs: 800
Dataset: mnist
Effective batch-size is 128 * 1 = 128.
shape of samples is (128, 1, 32, 32)
synth sampled has length 128
Checkpoint will be saved to /dcs/22/u2211900/ddpm-torch/chkpts/mnist/mnist_800_1.0.pt every 800 epoch(s)
Generated images (x64) will be saved to /dcs/22/u2211900/ddpm-torch/images/train/mnist every 10 epoch(s)
starting epoch is 800
Chekpoint loaded sccessfully from chkpts/mnist/mnist_800_1.0.pt
cuDNN benchmark: ON
Training starts...
Training completed!
epochs: 850
Dataset: mnist
Effective batch-size is 128 * 1 = 128.
shape of samples is (128, 1, 32, 32)
synth sampled has length 128
Checkpoint will be saved to /dcs/22/u2211900/ddpm-torch/chkpts/mnist/mnist_850_1.0.pt every 850 epoch(s)
Generated images (x64) will be saved to /dcs/22/u2211900/ddpm-torch/images/train/mnist every 10 epoch(s)
starting epoch is 850
Chekpoint loaded sccessfully from chkpts/mnist/mnist_850_1.0.pt
cuDNN benchmark: ON
Training starts...
Training completed!
epochs: 900
Dataset: mnist
Effective batch-size is 128 * 1 = 128.
shape of samples is (128, 1, 32, 32)
synth sampled has length 128
Checkpoint will be saved to /dcs/22/u2211900/ddpm-torch/chkpts/mnist/mnist_900_1.0.pt every 900 epoch(s)
Generated images (x64) will be saved to /dcs/22/u2211900/ddpm-torch/images/train/mnist every 10 epoch(s)
starting epoch is 900
Chekpoint loaded sccessfully from chkpts/mnist/mnist_900_1.0.pt
cuDNN benchmark: ON
Training starts...
Training completed!
epochs: 950
Dataset: mnist
Effective batch-size is 128 * 1 = 128.
shape of samples is (128, 1, 32, 32)
synth sampled has length 128
Checkpoint will be saved to /dcs/22/u2211900/ddpm-torch/chkpts/mnist/mnist_950_1.0.pt every 950 epoch(s)
Generated images (x64) will be saved to /dcs/22/u2211900/ddpm-torch/images/train/mnist every 10 epoch(s)
starting epoch is 950
Chekpoint loaded sccessfully from chkpts/mnist/mnist_950_1.0.pt
cuDNN benchmark: ON
Training starts...
Training completed!
epochs: 1000
Dataset: mnist
Effective batch-size is 128 * 1 = 128.
shape of samples is (128, 1, 32, 32)
synth sampled has length 128
Checkpoint will be saved to /dcs/22/u2211900/ddpm-torch/chkpts/mnist/mnist_1000_1.0.pt every 1000 epoch(s)
Generated images (x64) will be saved to /dcs/22/u2211900/ddpm-torch/images/train/mnist every 10 epoch(s)
starting epoch is 1000
Chekpoint loaded sccessfully from chkpts/mnist/mnist_1000_1.0.pt
cuDNN benchmark: ON
Training starts...
Training completed!
epochs: 1050
Dataset: mnist
Effective batch-size is 128 * 1 = 128.
shape of samples is (128, 1, 32, 32)
synth sampled has length 128
Checkpoint will be saved to /dcs/22/u2211900/ddpm-torch/chkpts/mnist/mnist_1050_1.0.pt every 1050 epoch(s)
Generated images (x64) will be saved to /dcs/22/u2211900/ddpm-torch/images/train/mnist every 10 epoch(s)
starting epoch is 1050
Chekpoint loaded sccessfully from chkpts/mnist/mnist_1050_1.0.pt
cuDNN benchmark: ON
Training starts...
Training completed!
epochs: 1100
Dataset: mnist
Effective batch-size is 128 * 1 = 128.
shape of samples is (128, 1, 32, 32)
synth sampled has length 128
Checkpoint will be saved to /dcs/22/u2211900/ddpm-torch/chkpts/mnist/mnist_1100_1.0.pt every 1100 epoch(s)
Generated images (x64) will be saved to /dcs/22/u2211900/ddpm-torch/images/train/mnist every 10 epoch(s)
starting epoch is 1100
Chekpoint loaded sccessfully from chkpts/mnist/mnist_1100_1.0.pt
cuDNN benchmark: ON
Training starts...
Training completed!
epochs: 1150
Dataset: mnist
Effective batch-size is 128 * 1 = 128.
shape of samples is (128, 1, 32, 32)
synth sampled has length 128
Checkpoint will be saved to /dcs/22/u2211900/ddpm-torch/chkpts/mnist/mnist_1150_1.0.pt every 1150 epoch(s)
Generated images (x64) will be saved to /dcs/22/u2211900/ddpm-torch/images/train/mnist every 10 epoch(s)
starting epoch is 1150
Chekpoint loaded sccessfully from chkpts/mnist/mnist_1150_1.0.pt
cuDNN benchmark: ON
Training starts...
Training completed!
epochs: 1200
Dataset: mnist
Effective batch-size is 128 * 1 = 128.
shape of samples is (128, 1, 32, 32)
synth sampled has length 128
Checkpoint will be saved to /dcs/22/u2211900/ddpm-torch/chkpts/mnist/mnist_1200_1.0.pt every 1200 epoch(s)
Generated images (x64) will be saved to /dcs/22/u2211900/ddpm-torch/images/train/mnist every 10 epoch(s)
starting epoch is 1200
Chekpoint loaded sccessfully from chkpts/mnist/mnist_1200_1.0.pt
cuDNN benchmark: ON
Training starts...
Training completed!
True
Training on Real Data
epochs: 200
Dataset: mnist
Effective batch-size is 128 * 1 = 128.
synth sampled has length 0
Checkpoint will be saved to /dcs/22/u2211900/ddpm-torch/chkpts/mnist/mnist_200_0.5.pt every 200 epoch(s)
Generated images (x64) will be saved to /dcs/22/u2211900/ddpm-torch/images/train/mnist every 10 epoch(s)
starting epoch is 200
Chekpoint loaded sccessfully from chkpts/mnist/mnist_200_0.5.pt
cuDNN benchmark: ON
Training starts...
Training completed!
epochs: 250
Dataset: mnist
Effective batch-size is 128 * 1 = 128.
shape of samples is (64, 1, 32, 32)
synth sampled has length 64
Checkpoint will be saved to /dcs/22/u2211900/ddpm-torch/chkpts/mnist/mnist_250_0.5.pt every 250 epoch(s)
Generated images (x64) will be saved to /dcs/22/u2211900/ddpm-torch/images/train/mnist every 10 epoch(s)
starting epoch is 250
Chekpoint loaded sccessfully from chkpts/mnist/mnist_250_0.5.pt
cuDNN benchmark: ON
Training starts...
Training completed!
epochs: 300
Dataset: mnist
Effective batch-size is 128 * 1 = 128.
shape of samples is (64, 1, 32, 32)
synth sampled has length 64
Checkpoint will be saved to /dcs/22/u2211900/ddpm-torch/chkpts/mnist/mnist_300_0.5.pt every 300 epoch(s)
Generated images (x64) will be saved to /dcs/22/u2211900/ddpm-torch/images/train/mnist every 10 epoch(s)
starting epoch is 300
Chekpoint loaded sccessfully from chkpts/mnist/mnist_300_0.5.pt
cuDNN benchmark: ON
Training starts...
Training completed!
epochs: 350
Dataset: mnist
Effective batch-size is 128 * 1 = 128.
shape of samples is (64, 1, 32, 32)
synth sampled has length 64
Checkpoint will be saved to /dcs/22/u2211900/ddpm-torch/chkpts/mnist/mnist_350_0.5.pt every 350 epoch(s)
Generated images (x64) will be saved to /dcs/22/u2211900/ddpm-torch/images/train/mnist every 10 epoch(s)
starting epoch is 350
Chekpoint loaded sccessfully from chkpts/mnist/mnist_350_0.5.pt
cuDNN benchmark: ON
Training starts...
Training completed!
epochs: 400
Dataset: mnist
Effective batch-size is 128 * 1 = 128.
shape of samples is (64, 1, 32, 32)
synth sampled has length 64
Checkpoint will be saved to /dcs/22/u2211900/ddpm-torch/chkpts/mnist/mnist_400_0.5.pt every 400 epoch(s)
Generated images (x64) will be saved to /dcs/22/u2211900/ddpm-torch/images/train/mnist every 10 epoch(s)
starting epoch is 350
Chekpoint loaded sccessfully from chkpts/mnist/mnist_350_0.5.pt
cuDNN benchmark: ON
Training starts...
epoch number: 350
outside trainloader
in trainloder
epoch number: 351
outside trainloader
in trainloder
epoch number: 352
outside trainloader
in trainloder
epoch number: 353
outside trainloader
in trainloder
epoch number: 354
outside trainloader
in trainloder
epoch number: 355
outside trainloader
in trainloder
epoch number: 356
outside trainloader
in trainloder
epoch number: 357
outside trainloader
in trainloder
epoch number: 358
outside trainloader
in trainloder
epoch number: 359
outside trainloader
in trainloder
epoch number: 360
outside trainloader
in trainloder
epoch number: 361
outside trainloader
in trainloder
epoch number: 362
outside trainloader
in trainloder
epoch number: 363
outside trainloader
in trainloder
epoch number: 364
outside trainloader
in trainloder
epoch number: 365
outside trainloader
in trainloder
epoch number: 366
outside trainloader
in trainloder
epoch number: 367
outside trainloader
in trainloder
epoch number: 368
outside trainloader
in trainloder
epoch number: 369
outside trainloader
in trainloder
epoch number: 370
outside trainloader
in trainloder
epoch number: 371
outside trainloader
in trainloder
epoch number: 372
outside trainloader
in trainloder
epoch number: 373
outside trainloader
in trainloder
epoch number: 374
outside trainloader
in trainloder
epoch number: 375
outside trainloader
in trainloder
epoch number: 376
outside trainloader
in trainloder
epoch number: 377
outside trainloader
in trainloder
epoch number: 378
outside trainloader
in trainloder
epoch number: 379
outside trainloader
in trainloder
epoch number: 380
outside trainloader
in trainloder
epoch number: 381
outside trainloader
in trainloder
epoch number: 382
outside trainloader
in trainloder
epoch number: 383
outside trainloader
in trainloder
epoch number: 384
outside trainloader
in trainloder
epoch number: 385
outside trainloader
in trainloder
epoch number: 386
outside trainloader
in trainloder
epoch number: 387
outside trainloader
in trainloder
epoch number: 388
outside trainloader
in trainloder
epoch number: 389
outside trainloader
in trainloder
epoch number: 390
outside trainloader
in trainloder
epoch number: 391
outside trainloader
in trainloder
epoch number: 392
outside trainloader
in trainloder
epoch number: 393
outside trainloader
in trainloder
epoch number: 394
outside trainloader
in trainloder
epoch number: 395
outside trainloader
in trainloder
epoch number: 396
outside trainloader
in trainloder
epoch number: 397
outside trainloader
in trainloder
epoch number: 398
outside trainloader
in trainloder
epoch number: 399
outside trainloader
in trainloder
checkpoint saved to  ./chkpts/mnist/mnist_400_0.5.pt
Training completed!
epochs: 450
Dataset: mnist
Effective batch-size is 128 * 1 = 128.
shape of samples is (64, 1, 32, 32)
synth sampled has length 64
Checkpoint will be saved to /dcs/22/u2211900/ddpm-torch/chkpts/mnist/mnist_450_0.5.pt every 450 epoch(s)
Generated images (x64) will be saved to /dcs/22/u2211900/ddpm-torch/images/train/mnist every 10 epoch(s)
starting epoch is 400
Chekpoint loaded sccessfully from chkpts/mnist/mnist_400_0.5.pt
cuDNN benchmark: ON
Training starts...
epoch number: 400
outside trainloader
in trainloder
epoch number: 401
outside trainloader
in trainloder
epoch number: 402
outside trainloader
in trainloder
epoch number: 403
outside trainloader
in trainloder
epoch number: 404
outside trainloader
in trainloder
epoch number: 405
outside trainloader
in trainloder
epoch number: 406
outside trainloader
in trainloder
epoch number: 407
outside trainloader
in trainloder
epoch number: 408
outside trainloader
in trainloder
epoch number: 409
outside trainloader
in trainloder
epoch number: 410
outside trainloader
in trainloder
epoch number: 411
outside trainloader
in trainloder
epoch number: 412
outside trainloader
in trainloder
epoch number: 413
outside trainloader
in trainloder
epoch number: 414
outside trainloader
in trainloder
epoch number: 415
outside trainloader
in trainloder
epoch number: 416
outside trainloader
in trainloder
epoch number: 417
outside trainloader
in trainloder
epoch number: 418
outside trainloader
in trainloder
epoch number: 419
outside trainloader
in trainloder
epoch number: 420
outside trainloader
in trainloder
epoch number: 421
outside trainloader
in trainloder
epoch number: 422
outside trainloader
in trainloder
epoch number: 423
outside trainloader
in trainloder
epoch number: 424
outside trainloader
in trainloder
epoch number: 425
outside trainloader
in trainloder
epoch number: 426
outside trainloader
in trainloder
epoch number: 427
outside trainloader
in trainloder
epoch number: 428
outside trainloader
in trainloder
epoch number: 429
outside trainloader
in trainloder
epoch number: 430
outside trainloader
in trainloder
epoch number: 431
outside trainloader
in trainloder
epoch number: 432
outside trainloader
in trainloder
epoch number: 433
outside trainloader
in trainloder
epoch number: 434
outside trainloader
in trainloder
epoch number: 435
outside trainloader
in trainloder
epoch number: 436
outside trainloader
in trainloder
epoch number: 437
outside trainloader
in trainloder
epoch number: 438
outside trainloader
in trainloder
epoch number: 439
outside trainloader
in trainloder
epoch number: 440
outside trainloader
in trainloder
epoch number: 441
outside trainloader
in trainloder
epoch number: 442
outside trainloader
in trainloder
epoch number: 443
outside trainloader
in trainloder
epoch number: 444
outside trainloader
in trainloder
epoch number: 445
outside trainloader
in trainloder
epoch number: 446
outside trainloader
in trainloder
epoch number: 447
outside trainloader
in trainloder
epoch number: 448
outside trainloader
in trainloder
epoch number: 449
outside trainloader
in trainloder
checkpoint saved to  ./chkpts/mnist/mnist_450_0.5.pt
Training completed!
epochs: 500
Dataset: mnist
Effective batch-size is 128 * 1 = 128.
shape of samples is (64, 1, 32, 32)
synth sampled has length 64
Checkpoint will be saved to /dcs/22/u2211900/ddpm-torch/chkpts/mnist/mnist_500_0.5.pt every 500 epoch(s)
Generated images (x64) will be saved to /dcs/22/u2211900/ddpm-torch/images/train/mnist every 10 epoch(s)
starting epoch is 450
Chekpoint loaded sccessfully from chkpts/mnist/mnist_450_0.5.pt
cuDNN benchmark: ON
Training starts...
epoch number: 450
outside trainloader
in trainloder
epoch number: 451
outside trainloader
in trainloder
epoch number: 452
outside trainloader
in trainloder
epoch number: 453
outside trainloader
in trainloder
epoch number: 454
outside trainloader
in trainloder
epoch number: 455
outside trainloader
in trainloder
epoch number: 456
outside trainloader
in trainloder
epoch number: 457
outside trainloader
in trainloder
epoch number: 458
outside trainloader
in trainloder
epoch number: 459
outside trainloader
in trainloder
epoch number: 460
outside trainloader
in trainloder
epoch number: 461
outside trainloader
in trainloder
epoch number: 462
outside trainloader
in trainloder
epoch number: 463
outside trainloader
in trainloder
epoch number: 464
outside trainloader
in trainloder
epoch number: 465
outside trainloader
in trainloder
epoch number: 466
outside trainloader
in trainloder
epoch number: 467
outside trainloader
in trainloder
epoch number: 468
outside trainloader
in trainloder
epoch number: 469
outside trainloader
in trainloder
epoch number: 470
outside trainloader
in trainloder
epoch number: 471
outside trainloader
in trainloder
epoch number: 472
outside trainloader
in trainloder
epoch number: 473
outside trainloader
in trainloder
epoch number: 474
outside trainloader
in trainloder
epoch number: 475
outside trainloader
in trainloder
epoch number: 476
outside trainloader
in trainloder
epoch number: 477
outside trainloader
in trainloder
epoch number: 478
outside trainloader
in trainloder
epoch number: 479
outside trainloader
in trainloder
epoch number: 480
outside trainloader
in trainloder
epoch number: 481
outside trainloader
in trainloder
epoch number: 482
outside trainloader
in trainloder
epoch number: 483
outside trainloader
in trainloder
epoch number: 484
outside trainloader
in trainloder
epoch number: 485
outside trainloader
in trainloder
epoch number: 486
outside trainloader
in trainloder
epoch number: 487
outside trainloader
in trainloder
epoch number: 488
outside trainloader
in trainloder
epoch number: 489
outside trainloader
in trainloder
epoch number: 490
outside trainloader
in trainloder
epoch number: 491
outside trainloader
in trainloder
epoch number: 492
outside trainloader
in trainloder
epoch number: 493
outside trainloader
in trainloder
epoch number: 494
outside trainloader
in trainloder
epoch number: 495
outside trainloader
in trainloder
epoch number: 496
outside trainloader
in trainloder
epoch number: 497
outside trainloader
in trainloder
epoch number: 498
outside trainloader
in trainloder
epoch number: 499
outside trainloader
in trainloder
checkpoint saved to  ./chkpts/mnist/mnist_500_0.5.pt
Training completed!
epochs: 550
Dataset: mnist
Effective batch-size is 128 * 1 = 128.
shape of samples is (64, 1, 32, 32)
synth sampled has length 64
Checkpoint will be saved to /dcs/22/u2211900/ddpm-torch/chkpts/mnist/mnist_550_0.5.pt every 550 epoch(s)
Generated images (x64) will be saved to /dcs/22/u2211900/ddpm-torch/images/train/mnist every 10 epoch(s)
starting epoch is 500
Chekpoint loaded sccessfully from chkpts/mnist/mnist_500_0.5.pt
cuDNN benchmark: ON
Training starts...
epoch number: 500
outside trainloader
in trainloder
epoch number: 501
outside trainloader
in trainloder
epoch number: 502
outside trainloader
in trainloder
epoch number: 503
outside trainloader
in trainloder
epoch number: 504
outside trainloader
in trainloder
epoch number: 505
outside trainloader
in trainloder
epoch number: 506
outside trainloader
in trainloder
epoch number: 507
outside trainloader
in trainloder
epoch number: 508
outside trainloader
in trainloder
epoch number: 509
outside trainloader
in trainloder
epoch number: 510
outside trainloader
in trainloder
epoch number: 511
outside trainloader
in trainloder
epoch number: 512
outside trainloader
in trainloder
epoch number: 513
outside trainloader
in trainloder
epoch number: 514
outside trainloader
in trainloder
epoch number: 515
outside trainloader
in trainloder
epoch number: 516
outside trainloader
in trainloder
epoch number: 517
outside trainloader
in trainloder
epoch number: 518
outside trainloader
in trainloder
epoch number: 519
outside trainloader
in trainloder
epoch number: 520
outside trainloader
in trainloder
epoch number: 521
outside trainloader
in trainloder
epoch number: 522
outside trainloader
in trainloder
epoch number: 523
outside trainloader
in trainloder
epoch number: 524
outside trainloader
in trainloder
epoch number: 525
outside trainloader
in trainloder
epoch number: 526
outside trainloader
in trainloder
epoch number: 527
outside trainloader
in trainloder
epoch number: 528
outside trainloader
in trainloder
epoch number: 529
outside trainloader
in trainloder
epoch number: 530
outside trainloader
in trainloder
epoch number: 531
outside trainloader
in trainloder
epoch number: 532
outside trainloader
in trainloder
epoch number: 533
outside trainloader
in trainloder
epoch number: 534
outside trainloader
in trainloder
epoch number: 535
outside trainloader
in trainloder
epoch number: 536
outside trainloader
in trainloder
epoch number: 537
outside trainloader
in trainloder
epoch number: 538
outside trainloader
in trainloder
epoch number: 539
outside trainloader
in trainloder
epoch number: 540
outside trainloader
in trainloder
epoch number: 541
outside trainloader
in trainloder
epoch number: 542
outside trainloader
in trainloder
epoch number: 543
outside trainloader
in trainloder
epoch number: 544
outside trainloader
in trainloder
epoch number: 545
outside trainloader
in trainloder
epoch number: 546
outside trainloader
in trainloder
epoch number: 547
outside trainloader
in trainloder
epoch number: 548
outside trainloader
in trainloder
epoch number: 549
outside trainloader
in trainloder
checkpoint saved to  ./chkpts/mnist/mnist_550_0.5.pt
Training completed!
epochs: 600
Dataset: mnist
Effective batch-size is 128 * 1 = 128.
shape of samples is (64, 1, 32, 32)
synth sampled has length 64
Checkpoint will be saved to /dcs/22/u2211900/ddpm-torch/chkpts/mnist/mnist_600_0.5.pt every 600 epoch(s)
Generated images (x64) will be saved to /dcs/22/u2211900/ddpm-torch/images/train/mnist every 10 epoch(s)
starting epoch is 550
Chekpoint loaded sccessfully from chkpts/mnist/mnist_550_0.5.pt
cuDNN benchmark: ON
Training starts...
epoch number: 550
outside trainloader
in trainloder
epoch number: 551
outside trainloader
in trainloder
epoch number: 552
outside trainloader
in trainloder
epoch number: 553
outside trainloader
in trainloder
epoch number: 554
outside trainloader
in trainloder
epoch number: 555
outside trainloader
in trainloder
epoch number: 556
outside trainloader
in trainloder
epoch number: 557
outside trainloader
in trainloder
epoch number: 558
outside trainloader
in trainloder
epoch number: 559
outside trainloader
in trainloder
epoch number: 560
outside trainloader
in trainloder
epoch number: 561
outside trainloader
in trainloder
epoch number: 562
outside trainloader
in trainloder
epoch number: 563
outside trainloader
in trainloder
epoch number: 564
outside trainloader
in trainloder
epoch number: 565
outside trainloader
in trainloder
epoch number: 566
outside trainloader
in trainloder
epoch number: 567
outside trainloader
in trainloder
epoch number: 568
outside trainloader
in trainloder
epoch number: 569
outside trainloader
in trainloder
epoch number: 570
outside trainloader
in trainloder
epoch number: 571
outside trainloader
in trainloder
epoch number: 572
outside trainloader
in trainloder
epoch number: 573
outside trainloader
in trainloder
epoch number: 574
outside trainloader
in trainloder
epoch number: 575
outside trainloader
in trainloder
epoch number: 576
outside trainloader
in trainloder
epoch number: 577
outside trainloader
in trainloder
epoch number: 578
outside trainloader
in trainloder
epoch number: 579
outside trainloader
in trainloder
epoch number: 580
outside trainloader
in trainloder
epoch number: 581
outside trainloader
in trainloder
epoch number: 582
outside trainloader
in trainloder
epoch number: 583
outside trainloader
in trainloder
epoch number: 584
outside trainloader
in trainloder
epoch number: 585
outside trainloader
in trainloder
epoch number: 586
outside trainloader
in trainloder
epoch number: 587
outside trainloader
in trainloder
epoch number: 588
outside trainloader
in trainloder
epoch number: 589
outside trainloader
in trainloder
epoch number: 590
outside trainloader
in trainloder
epoch number: 591
outside trainloader
in trainloder
epoch number: 592
outside trainloader
in trainloder
epoch number: 593
outside trainloader
in trainloder
epoch number: 594
outside trainloader
in trainloder
epoch number: 595
outside trainloader
in trainloder
epoch number: 596
outside trainloader
in trainloder
epoch number: 597
outside trainloader
in trainloder
epoch number: 598
outside trainloader
in trainloder
epoch number: 599
outside trainloader
in trainloder
checkpoint saved to  ./chkpts/mnist/mnist_600_0.5.pt
Training completed!
epochs: 650
Dataset: mnist
Effective batch-size is 128 * 1 = 128.
shape of samples is (64, 1, 32, 32)
synth sampled has length 64
Checkpoint will be saved to /dcs/22/u2211900/ddpm-torch/chkpts/mnist/mnist_650_0.5.pt every 650 epoch(s)
Generated images (x64) will be saved to /dcs/22/u2211900/ddpm-torch/images/train/mnist every 10 epoch(s)
starting epoch is 600
Chekpoint loaded sccessfully from chkpts/mnist/mnist_600_0.5.pt
cuDNN benchmark: ON
Training starts...
epoch number: 600
outside trainloader
in trainloder
epoch number: 601
outside trainloader
in trainloder
epoch number: 602
outside trainloader
in trainloder
epoch number: 603
outside trainloader
in trainloder
epoch number: 604
outside trainloader
in trainloder
epoch number: 605
outside trainloader
in trainloder
epoch number: 606
outside trainloader
in trainloder
epoch number: 607
outside trainloader
in trainloder
epoch number: 608
outside trainloader
in trainloder
epoch number: 609
outside trainloader
in trainloder
epoch number: 610
outside trainloader
in trainloder
epoch number: 611
outside trainloader
in trainloder
epoch number: 612
outside trainloader
in trainloder
epoch number: 613
outside trainloader
in trainloder
epoch number: 614
outside trainloader
in trainloder
epoch number: 615
outside trainloader
in trainloder
epoch number: 616
outside trainloader
in trainloder
epoch number: 617
outside trainloader
in trainloder
epoch number: 618
outside trainloader
in trainloder
epoch number: 619
outside trainloader
in trainloder
epoch number: 620
outside trainloader
in trainloder
epoch number: 621
outside trainloader
in trainloder
epoch number: 622
outside trainloader
in trainloder
epoch number: 623
outside trainloader
in trainloder
epoch number: 624
outside trainloader
in trainloder
epoch number: 625
outside trainloader
in trainloder
epoch number: 626
outside trainloader
in trainloder
epoch number: 627
outside trainloader
in trainloder
epoch number: 628
outside trainloader
in trainloder
epoch number: 629
outside trainloader
in trainloder
epoch number: 630
outside trainloader
in trainloder
epoch number: 631
outside trainloader
in trainloder
epoch number: 632
outside trainloader
in trainloder
epoch number: 633
outside trainloader
in trainloder
epoch number: 634
outside trainloader
in trainloder
epoch number: 635
outside trainloader
in trainloder
epoch number: 636
outside trainloader
in trainloder
epoch number: 637
outside trainloader
in trainloder
epoch number: 638
outside trainloader
in trainloder
epoch number: 639
outside trainloader
in trainloder
epoch number: 640
outside trainloader
in trainloder
epoch number: 641
outside trainloader
in trainloder
epoch number: 642
outside trainloader
in trainloder
epoch number: 643
outside trainloader
in trainloder
epoch number: 644
outside trainloader
in trainloder
epoch number: 645
outside trainloader
in trainloder
epoch number: 646
outside trainloader
in trainloder
epoch number: 647
outside trainloader
in trainloder
epoch number: 648
outside trainloader
in trainloder
epoch number: 649
outside trainloader
in trainloder
checkpoint saved to  ./chkpts/mnist/mnist_650_0.5.pt
Training completed!
epochs: 700
Dataset: mnist
Effective batch-size is 128 * 1 = 128.
shape of samples is (64, 1, 32, 32)
synth sampled has length 64
Checkpoint will be saved to /dcs/22/u2211900/ddpm-torch/chkpts/mnist/mnist_700_0.5.pt every 700 epoch(s)
Generated images (x64) will be saved to /dcs/22/u2211900/ddpm-torch/images/train/mnist every 10 epoch(s)
starting epoch is 650
Chekpoint loaded sccessfully from chkpts/mnist/mnist_650_0.5.pt
cuDNN benchmark: ON
Training starts...
epoch number: 650
outside trainloader
in trainloder
epoch number: 651
outside trainloader
in trainloder
epoch number: 652
outside trainloader
in trainloder
epoch number: 653
outside trainloader
in trainloder
epoch number: 654
outside trainloader
in trainloder
epoch number: 655
outside trainloader
in trainloder
epoch number: 656
outside trainloader
in trainloder
epoch number: 657
outside trainloader
in trainloder
epoch number: 658
outside trainloader
in trainloder
epoch number: 659
outside trainloader
in trainloder
epoch number: 660
outside trainloader
in trainloder
epoch number: 661
outside trainloader
in trainloder
epoch number: 662
outside trainloader
in trainloder
epoch number: 663
outside trainloader
in trainloder
epoch number: 664
outside trainloader
in trainloder
epoch number: 665
outside trainloader
in trainloder
epoch number: 666
outside trainloader
in trainloder
epoch number: 667
outside trainloader
in trainloder
epoch number: 668
outside trainloader
in trainloder
epoch number: 669
outside trainloader
in trainloder
epoch number: 670
outside trainloader
in trainloder
epoch number: 671
outside trainloader
in trainloder
epoch number: 672
outside trainloader
in trainloder
epoch number: 673
outside trainloader
in trainloder
epoch number: 674
outside trainloader
in trainloder
epoch number: 675
outside trainloader
in trainloder
epoch number: 676
outside trainloader
in trainloder
epoch number: 677
outside trainloader
in trainloder
epoch number: 678
outside trainloader
in trainloder
epoch number: 679
outside trainloader
in trainloder
epoch number: 680
outside trainloader
in trainloder
epoch number: 681
outside trainloader
in trainloder
epoch number: 682
outside trainloader
in trainloder
epoch number: 683
outside trainloader
in trainloder
epoch number: 684
outside trainloader
in trainloder
epoch number: 685
outside trainloader
in trainloder
epoch number: 686
outside trainloader
in trainloder
epoch number: 687
outside trainloader
in trainloder
epoch number: 688
outside trainloader
in trainloder
epoch number: 689
outside trainloader
in trainloder
epoch number: 690
outside trainloader
in trainloder
epoch number: 691
outside trainloader
in trainloder
epoch number: 692
outside trainloader
in trainloder
epoch number: 693
outside trainloader
in trainloder
epoch number: 694
outside trainloader
in trainloder
epoch number: 695
outside trainloader
in trainloder
epoch number: 696
outside trainloader
in trainloder
epoch number: 697
outside trainloader
in trainloder
epoch number: 698
outside trainloader
in trainloder
epoch number: 699
outside trainloader
in trainloder
checkpoint saved to  ./chkpts/mnist/mnist_700_0.5.pt
Training completed!
epochs: 750
Dataset: mnist
Effective batch-size is 128 * 1 = 128.
shape of samples is (64, 1, 32, 32)
synth sampled has length 64
Checkpoint will be saved to /dcs/22/u2211900/ddpm-torch/chkpts/mnist/mnist_750_0.5.pt every 750 epoch(s)
Generated images (x64) will be saved to /dcs/22/u2211900/ddpm-torch/images/train/mnist every 10 epoch(s)
starting epoch is 700
Chekpoint loaded sccessfully from chkpts/mnist/mnist_700_0.5.pt
cuDNN benchmark: ON
Training starts...
epoch number: 700
outside trainloader
in trainloder
epoch number: 701
outside trainloader
in trainloder
epoch number: 702
outside trainloader
in trainloder
epoch number: 703
outside trainloader
in trainloder
epoch number: 704
outside trainloader
in trainloder
epoch number: 705
outside trainloader
in trainloder
epoch number: 706
outside trainloader
in trainloder
epoch number: 707
outside trainloader
in trainloder
epoch number: 708
outside trainloader
in trainloder
epoch number: 709
outside trainloader
in trainloder
epoch number: 710
outside trainloader
in trainloder
epoch number: 711
outside trainloader
in trainloder
epoch number: 712
outside trainloader
in trainloder
epoch number: 713
outside trainloader
in trainloder
epoch number: 714
outside trainloader
in trainloder
epoch number: 715
outside trainloader
in trainloder
epoch number: 716
outside trainloader
in trainloder
epoch number: 717
outside trainloader
in trainloder
epoch number: 718
outside trainloader
in trainloder
epoch number: 719
outside trainloader
in trainloder
epoch number: 720
outside trainloader
in trainloder
epoch number: 721
outside trainloader
in trainloder
epoch number: 722
outside trainloader
in trainloder
epoch number: 723
outside trainloader
in trainloder
epoch number: 724
outside trainloader
in trainloder
epoch number: 725
outside trainloader
in trainloder
epoch number: 726
outside trainloader
in trainloder
epoch number: 727
outside trainloader
in trainloder
epoch number: 728
outside trainloader
in trainloder
epoch number: 729
outside trainloader
in trainloder
epoch number: 730
outside trainloader
in trainloder
epoch number: 731
outside trainloader
in trainloder
epoch number: 732
outside trainloader
in trainloder
epoch number: 733
outside trainloader
in trainloder
epoch number: 734
outside trainloader
in trainloder
epoch number: 735
outside trainloader
in trainloder
epoch number: 736
outside trainloader
in trainloder
epoch number: 737
outside trainloader
in trainloder
epoch number: 738
outside trainloader
in trainloder
epoch number: 739
outside trainloader
in trainloder
epoch number: 740
outside trainloader
in trainloder
epoch number: 741
outside trainloader
in trainloder
epoch number: 742
outside trainloader
in trainloder
epoch number: 743
outside trainloader
in trainloder
epoch number: 744
outside trainloader
in trainloder
epoch number: 745
outside trainloader
in trainloder
epoch number: 746
outside trainloader
in trainloder
epoch number: 747
outside trainloader
in trainloder
epoch number: 748
outside trainloader
in trainloder
epoch number: 749
outside trainloader
in trainloder
checkpoint saved to  ./chkpts/mnist/mnist_750_0.5.pt
Training completed!
epochs: 800
Dataset: mnist
Effective batch-size is 128 * 1 = 128.
shape of samples is (64, 1, 32, 32)
synth sampled has length 64
Checkpoint will be saved to /dcs/22/u2211900/ddpm-torch/chkpts/mnist/mnist_800_0.5.pt every 800 epoch(s)
Generated images (x64) will be saved to /dcs/22/u2211900/ddpm-torch/images/train/mnist every 10 epoch(s)
starting epoch is 750
Chekpoint loaded sccessfully from chkpts/mnist/mnist_750_0.5.pt
cuDNN benchmark: ON
Training starts...
epoch number: 750
outside trainloader
in trainloder
epoch number: 751
outside trainloader
in trainloder
epoch number: 752
outside trainloader
in trainloder
epoch number: 753
outside trainloader
in trainloder
epoch number: 754
outside trainloader
in trainloder
epoch number: 755
outside trainloader
in trainloder
epoch number: 756
outside trainloader
in trainloder
epoch number: 757
outside trainloader
in trainloder
epoch number: 758
outside trainloader
in trainloder
epoch number: 759
outside trainloader
in trainloder
epoch number: 760
outside trainloader
in trainloder
epoch number: 761
outside trainloader
in trainloder
epoch number: 762
outside trainloader
in trainloder
epoch number: 763
outside trainloader
in trainloder
epoch number: 764
outside trainloader
in trainloder
epoch number: 765
outside trainloader
in trainloder
epoch number: 766
outside trainloader
in trainloder
epoch number: 767
outside trainloader
in trainloder
epoch number: 768
outside trainloader
in trainloder
epoch number: 769
outside trainloader
in trainloder
epoch number: 770
outside trainloader
in trainloder
epoch number: 771
outside trainloader
in trainloder
epoch number: 772
outside trainloader
in trainloder
epoch number: 773
outside trainloader
in trainloder
epoch number: 774
outside trainloader
in trainloder
epoch number: 775
outside trainloader
in trainloder
epoch number: 776
outside trainloader
in trainloder
epoch number: 777
outside trainloader
in trainloder
epoch number: 778
outside trainloader
in trainloder
epoch number: 779
outside trainloader
in trainloder
epoch number: 780
outside trainloader
in trainloder
epoch number: 781
outside trainloader
in trainloder
epoch number: 782
outside trainloader
in trainloder
epoch number: 783
outside trainloader
in trainloder
epoch number: 784
outside trainloader
in trainloder
epoch number: 785
outside trainloader
in trainloder
epoch number: 786
outside trainloader
in trainloder
epoch number: 787
outside trainloader
in trainloder
epoch number: 788
outside trainloader
in trainloder
epoch number: 789
outside trainloader
in trainloder
epoch number: 790
outside trainloader
in trainloder
epoch number: 791
outside trainloader
in trainloder
epoch number: 792
outside trainloader
in trainloder
epoch number: 793
outside trainloader
in trainloder
epoch number: 794
outside trainloader
in trainloder
epoch number: 795
outside trainloader
in trainloder
epoch number: 796
outside trainloader
in trainloder
epoch number: 797
outside trainloader
in trainloder
epoch number: 798
outside trainloader
in trainloder
epoch number: 799
outside trainloader
in trainloder
checkpoint saved to  ./chkpts/mnist/mnist_800_0.5.pt
Training completed!
epochs: 850
Dataset: mnist
Effective batch-size is 128 * 1 = 128.
shape of samples is (64, 1, 32, 32)
synth sampled has length 64
Checkpoint will be saved to /dcs/22/u2211900/ddpm-torch/chkpts/mnist/mnist_850_0.5.pt every 850 epoch(s)
Generated images (x64) will be saved to /dcs/22/u2211900/ddpm-torch/images/train/mnist every 10 epoch(s)
starting epoch is 800
Chekpoint loaded sccessfully from chkpts/mnist/mnist_800_0.5.pt
cuDNN benchmark: ON
Training starts...
epoch number: 800
outside trainloader
in trainloder
epoch number: 801
outside trainloader
in trainloder
epoch number: 802
outside trainloader
in trainloder
epoch number: 803
outside trainloader
in trainloder
epoch number: 804
outside trainloader
in trainloder
epoch number: 805
outside trainloader
in trainloder
epoch number: 806
outside trainloader
in trainloder
epoch number: 807
outside trainloader
in trainloder
epoch number: 808
outside trainloader
in trainloder
epoch number: 809
outside trainloader
in trainloder
epoch number: 810
outside trainloader
in trainloder
epoch number: 811
outside trainloader
in trainloder
epoch number: 812
outside trainloader
in trainloder
epoch number: 813
outside trainloader
in trainloder
epoch number: 814
outside trainloader
in trainloder
epoch number: 815
outside trainloader
in trainloder
epoch number: 816
outside trainloader
in trainloder
epoch number: 817
outside trainloader
in trainloder
epoch number: 818
outside trainloader
in trainloder
epoch number: 819
outside trainloader
in trainloder
epoch number: 820
outside trainloader
in trainloder
epoch number: 821
outside trainloader
in trainloder
epoch number: 822
outside trainloader
in trainloder
epoch number: 823
outside trainloader
in trainloder
epoch number: 824
outside trainloader
in trainloder
epoch number: 825
outside trainloader
in trainloder
epoch number: 826
outside trainloader
in trainloder
epoch number: 827
outside trainloader
in trainloder
epoch number: 828
outside trainloader
in trainloder
epoch number: 829
outside trainloader
in trainloder
epoch number: 830
outside trainloader
in trainloder
epoch number: 831
outside trainloader
in trainloder
epoch number: 832
outside trainloader
in trainloder
epoch number: 833
outside trainloader
in trainloder
epoch number: 834
outside trainloader
in trainloder
epoch number: 835
outside trainloader
in trainloder
epoch number: 836
outside trainloader
in trainloder
epoch number: 837
outside trainloader
in trainloder
epoch number: 838
outside trainloader
in trainloder
epoch number: 839
outside trainloader
in trainloder
epoch number: 840
outside trainloader
in trainloder
epoch number: 841
outside trainloader
in trainloder
epoch number: 842
outside trainloader
in trainloder
epoch number: 843
outside trainloader
in trainloder
epoch number: 844
outside trainloader
in trainloder
epoch number: 845
outside trainloader
in trainloder
epoch number: 846
outside trainloader
in trainloder
epoch number: 847
outside trainloader
in trainloder
epoch number: 848
outside trainloader
in trainloder
epoch number: 849
outside trainloader
in trainloder
checkpoint saved to  ./chkpts/mnist/mnist_850_0.5.pt
Training completed!
epochs: 900
Dataset: mnist
Effective batch-size is 128 * 1 = 128.
shape of samples is (64, 1, 32, 32)
synth sampled has length 64
Checkpoint will be saved to /dcs/22/u2211900/ddpm-torch/chkpts/mnist/mnist_900_0.5.pt every 900 epoch(s)
Generated images (x64) will be saved to /dcs/22/u2211900/ddpm-torch/images/train/mnist every 10 epoch(s)
starting epoch is 850
Chekpoint loaded sccessfully from chkpts/mnist/mnist_850_0.5.pt
cuDNN benchmark: ON
Training starts...
epoch number: 850
outside trainloader
in trainloder
epoch number: 851
outside trainloader
in trainloder
epoch number: 852
outside trainloader
in trainloder
epoch number: 853
outside trainloader
in trainloder
epoch number: 854
outside trainloader
in trainloder
epoch number: 855
outside trainloader
in trainloder
epoch number: 856
outside trainloader
in trainloder
epoch number: 857
outside trainloader
in trainloder
epoch number: 858
outside trainloader
in trainloder
epoch number: 859
outside trainloader
in trainloder
epoch number: 860
outside trainloader
in trainloder
epoch number: 861
outside trainloader
in trainloder
epoch number: 862
outside trainloader
in trainloder
epoch number: 863
outside trainloader
in trainloder
epoch number: 864
outside trainloader
in trainloder
epoch number: 865
outside trainloader
in trainloder
epoch number: 866
outside trainloader
in trainloder
epoch number: 867
outside trainloader
in trainloder
epoch number: 868
outside trainloader
in trainloder
epoch number: 869
outside trainloader
in trainloder
epoch number: 870
outside trainloader
in trainloder
epoch number: 871
outside trainloader
in trainloder
epoch number: 872
outside trainloader
in trainloder
epoch number: 873
outside trainloader
in trainloder
epoch number: 874
outside trainloader
in trainloder
epoch number: 875
outside trainloader
in trainloder
epoch number: 876
outside trainloader
in trainloder
epoch number: 877
outside trainloader
in trainloder
epoch number: 878
outside trainloader
in trainloder
epoch number: 879
outside trainloader
in trainloder
epoch number: 880
outside trainloader
in trainloder
epoch number: 881
outside trainloader
in trainloder
epoch number: 882
outside trainloader
in trainloder
epoch number: 883
outside trainloader
in trainloder
epoch number: 884
outside trainloader
in trainloder
epoch number: 885
outside trainloader
in trainloder
epoch number: 886
outside trainloader
in trainloder
epoch number: 887
outside trainloader
in trainloder
epoch number: 888
outside trainloader
in trainloder
epoch number: 889
outside trainloader
in trainloder
epoch number: 890
outside trainloader
in trainloder
epoch number: 891
outside trainloader
in trainloder
epoch number: 892
outside trainloader
in trainloder
epoch number: 893
outside trainloader
in trainloder
epoch number: 894
outside trainloader
in trainloder
epoch number: 895
outside trainloader
in trainloder
epoch number: 896
outside trainloader
in trainloder
epoch number: 897
outside trainloader
in trainloder
epoch number: 898
outside trainloader
in trainloder
epoch number: 899
outside trainloader
in trainloder
checkpoint saved to  ./chkpts/mnist/mnist_900_0.5.pt
Training completed!
epochs: 950
Dataset: mnist
Effective batch-size is 128 * 1 = 128.
shape of samples is (64, 1, 32, 32)
synth sampled has length 64
Checkpoint will be saved to /dcs/22/u2211900/ddpm-torch/chkpts/mnist/mnist_950_0.5.pt every 950 epoch(s)
Generated images (x64) will be saved to /dcs/22/u2211900/ddpm-torch/images/train/mnist every 10 epoch(s)
starting epoch is 900
Chekpoint loaded sccessfully from chkpts/mnist/mnist_900_0.5.pt
cuDNN benchmark: ON
Training starts...
epoch number: 900
outside trainloader
in trainloder
epoch number: 901
outside trainloader
in trainloder
epoch number: 902
outside trainloader
in trainloder
epoch number: 903
outside trainloader
in trainloder
epoch number: 904
outside trainloader
in trainloder
epoch number: 905
outside trainloader
in trainloder
epoch number: 906
outside trainloader
in trainloder
epoch number: 907
outside trainloader
in trainloder
epoch number: 908
outside trainloader
in trainloder
epoch number: 909
outside trainloader
in trainloder
epoch number: 910
outside trainloader
in trainloder
epoch number: 911
outside trainloader
in trainloder
epoch number: 912
outside trainloader
in trainloder
epoch number: 913
outside trainloader
in trainloder
epoch number: 914
outside trainloader
in trainloder
epoch number: 915
outside trainloader
in trainloder
epoch number: 916
outside trainloader
in trainloder
epoch number: 917
outside trainloader
in trainloder
epoch number: 918
outside trainloader
in trainloder
epoch number: 919
outside trainloader
in trainloder
epoch number: 920
outside trainloader
in trainloder
epoch number: 921
outside trainloader
in trainloder
epoch number: 922
outside trainloader
in trainloder
epoch number: 923
outside trainloader
in trainloder
epoch number: 924
outside trainloader
in trainloder
epoch number: 925
outside trainloader
in trainloder
epoch number: 926
outside trainloader
in trainloder
epoch number: 927
outside trainloader
in trainloder
epoch number: 928
outside trainloader
in trainloder
epoch number: 929
outside trainloader
in trainloder
epoch number: 930
outside trainloader
in trainloder
epoch number: 931
outside trainloader
in trainloder
epoch number: 932
outside trainloader
in trainloder
epoch number: 933
outside trainloader
in trainloder
epoch number: 934
outside trainloader
in trainloder
epoch number: 935
outside trainloader
in trainloder
epoch number: 936
outside trainloader
in trainloder
epoch number: 937
outside trainloader
in trainloder
epoch number: 938
outside trainloader
in trainloder
epoch number: 939
outside trainloader
in trainloder
epoch number: 940
outside trainloader
in trainloder
epoch number: 941
outside trainloader
in trainloder
epoch number: 942
outside trainloader
in trainloder
epoch number: 943
outside trainloader
in trainloder
epoch number: 944
outside trainloader
in trainloder
epoch number: 945
outside trainloader
in trainloder
epoch number: 946
outside trainloader
in trainloder
epoch number: 947
outside trainloader
in trainloder
epoch number: 948
outside trainloader
in trainloder
epoch number: 949
outside trainloader
in trainloder
checkpoint saved to  ./chkpts/mnist/mnist_950_0.5.pt
Training completed!
epochs: 1000
Dataset: mnist
Effective batch-size is 128 * 1 = 128.
shape of samples is (64, 1, 32, 32)
synth sampled has length 64
Checkpoint will be saved to /dcs/22/u2211900/ddpm-torch/chkpts/mnist/mnist_1000_0.5.pt every 1000 epoch(s)
Generated images (x64) will be saved to /dcs/22/u2211900/ddpm-torch/images/train/mnist every 10 epoch(s)
starting epoch is 950
Chekpoint loaded sccessfully from chkpts/mnist/mnist_950_0.5.pt
cuDNN benchmark: ON
Training starts...
epoch number: 950
outside trainloader
in trainloder
epoch number: 951
outside trainloader
in trainloder
epoch number: 952
outside trainloader
in trainloder
epoch number: 953
outside trainloader
in trainloder
epoch number: 954
outside trainloader
in trainloder
epoch number: 955
outside trainloader
in trainloder
epoch number: 956
outside trainloader
in trainloder
epoch number: 957
outside trainloader
in trainloder
epoch number: 958
outside trainloader
in trainloder
epoch number: 959
outside trainloader
in trainloder
epoch number: 960
outside trainloader
in trainloder
epoch number: 961
outside trainloader
in trainloder
epoch number: 962
outside trainloader
in trainloder
epoch number: 963
outside trainloader
in trainloder
epoch number: 964
outside trainloader
in trainloder
epoch number: 965
outside trainloader
in trainloder
epoch number: 966
outside trainloader
in trainloder
epoch number: 967
outside trainloader
in trainloder
epoch number: 968
outside trainloader
in trainloder
epoch number: 969
outside trainloader
in trainloder
epoch number: 970
outside trainloader
in trainloder
epoch number: 971
outside trainloader
in trainloder
epoch number: 972
outside trainloader
in trainloder
epoch number: 973
outside trainloader
in trainloder
epoch number: 974
outside trainloader
in trainloder
epoch number: 975
outside trainloader
in trainloder
epoch number: 976
outside trainloader
in trainloder
epoch number: 977
outside trainloader
in trainloder
epoch number: 978
outside trainloader
in trainloder
epoch number: 979
outside trainloader
in trainloder
epoch number: 980
outside trainloader
in trainloder
epoch number: 981
outside trainloader
in trainloder
epoch number: 982
outside trainloader
in trainloder
epoch number: 983
outside trainloader
in trainloder
epoch number: 984
outside trainloader
in trainloder
epoch number: 985
outside trainloader
in trainloder
epoch number: 986
outside trainloader
in trainloder
epoch number: 987
outside trainloader
in trainloder
epoch number: 988
outside trainloader
in trainloder
epoch number: 989
outside trainloader
in trainloder
epoch number: 990
outside trainloader
in trainloder
epoch number: 991
outside trainloader
in trainloder
epoch number: 992
outside trainloader
in trainloder
epoch number: 993
outside trainloader
in trainloder
epoch number: 994
outside trainloader
in trainloder
epoch number: 995
outside trainloader
in trainloder
epoch number: 996
outside trainloader
in trainloder
epoch number: 997
outside trainloader
in trainloder
epoch number: 998
outside trainloader
in trainloder
epoch number: 999
outside trainloader
in trainloder
checkpoint saved to  ./chkpts/mnist/mnist_1000_0.5.pt
Training completed!
epochs: 1050
Dataset: mnist
Effective batch-size is 128 * 1 = 128.
shape of samples is (64, 1, 32, 32)
synth sampled has length 64
Checkpoint will be saved to /dcs/22/u2211900/ddpm-torch/chkpts/mnist/mnist_1050_0.5.pt every 1050 epoch(s)
Generated images (x64) will be saved to /dcs/22/u2211900/ddpm-torch/images/train/mnist every 10 epoch(s)
starting epoch is 1000
Chekpoint loaded sccessfully from chkpts/mnist/mnist_1000_0.5.pt
cuDNN benchmark: ON
Training starts...
epoch number: 1000
outside trainloader
in trainloder
epoch number: 1001
outside trainloader
in trainloder
epoch number: 1002
outside trainloader
in trainloder
epoch number: 1003
outside trainloader
in trainloder
epoch number: 1004
outside trainloader
in trainloder
epoch number: 1005
outside trainloader
in trainloder
epoch number: 1006
outside trainloader
in trainloder
epoch number: 1007
outside trainloader
in trainloder
epoch number: 1008
outside trainloader
in trainloder
epoch number: 1009
outside trainloader
in trainloder
epoch number: 1010
outside trainloader
in trainloder
epoch number: 1011
outside trainloader
in trainloder
epoch number: 1012
outside trainloader
in trainloder
epoch number: 1013
outside trainloader
in trainloder
epoch number: 1014
outside trainloader
in trainloder
epoch number: 1015
outside trainloader
in trainloder
epoch number: 1016
outside trainloader
in trainloder
epoch number: 1017
outside trainloader
in trainloder
epoch number: 1018
outside trainloader
in trainloder
epoch number: 1019
outside trainloader
in trainloder
epoch number: 1020
outside trainloader
in trainloder
epoch number: 1021
outside trainloader
in trainloder
epoch number: 1022
outside trainloader
in trainloder
epoch number: 1023
outside trainloader
in trainloder
epoch number: 1024
outside trainloader
in trainloder
epoch number: 1025
outside trainloader
in trainloder
epoch number: 1026
outside trainloader
in trainloder
epoch number: 1027
outside trainloader
in trainloder
epoch number: 1028
outside trainloader
in trainloder
epoch number: 1029
outside trainloader
in trainloder
epoch number: 1030
outside trainloader
in trainloder
epoch number: 1031
outside trainloader
in trainloder
epoch number: 1032
outside trainloader
in trainloder
epoch number: 1033
outside trainloader
in trainloder
epoch number: 1034
outside trainloader
in trainloder
epoch number: 1035
outside trainloader
in trainloder
epoch number: 1036
outside trainloader
in trainloder
epoch number: 1037
outside trainloader
in trainloder
epoch number: 1038
outside trainloader
in trainloder
epoch number: 1039
outside trainloader
in trainloder
epoch number: 1040
outside trainloader
in trainloder
epoch number: 1041
outside trainloader
in trainloder
epoch number: 1042
outside trainloader
in trainloder
epoch number: 1043
outside trainloader
in trainloder
epoch number: 1044
outside trainloader
in trainloder
epoch number: 1045
outside trainloader
in trainloder
epoch number: 1046
outside trainloader
in trainloder
epoch number: 1047
outside trainloader
in trainloder
epoch number: 1048
outside trainloader
in trainloder
epoch number: 1049
outside trainloader
in trainloder
checkpoint saved to  ./chkpts/mnist/mnist_1050_0.5.pt
Training completed!
epochs: 1100
Dataset: mnist
Effective batch-size is 128 * 1 = 128.
shape of samples is (64, 1, 32, 32)
synth sampled has length 64
Checkpoint will be saved to /dcs/22/u2211900/ddpm-torch/chkpts/mnist/mnist_1100_0.5.pt every 1100 epoch(s)
Generated images (x64) will be saved to /dcs/22/u2211900/ddpm-torch/images/train/mnist every 10 epoch(s)
starting epoch is 1050
Chekpoint loaded sccessfully from chkpts/mnist/mnist_1050_0.5.pt
cuDNN benchmark: ON
Training starts...
epoch number: 1050
outside trainloader
in trainloder
epoch number: 1051
outside trainloader
in trainloder
epoch number: 1052
outside trainloader
in trainloder
epoch number: 1053
outside trainloader
in trainloder
epoch number: 1054
outside trainloader
in trainloder
epoch number: 1055
outside trainloader
in trainloder
epoch number: 1056
outside trainloader
in trainloder
epoch number: 1057
outside trainloader
in trainloder
epoch number: 1058
outside trainloader
in trainloder
epoch number: 1059
outside trainloader
in trainloder
epoch number: 1060
outside trainloader
in trainloder
epoch number: 1061
outside trainloader
in trainloder
epoch number: 1062
outside trainloader
in trainloder
epoch number: 1063
outside trainloader
in trainloder
epoch number: 1064
outside trainloader
in trainloder
epoch number: 1065
outside trainloader
in trainloder
epoch number: 1066
outside trainloader
in trainloder
epoch number: 1067
outside trainloader
in trainloder
epoch number: 1068
outside trainloader
in trainloder
epoch number: 1069
outside trainloader
in trainloder
epoch number: 1070
outside trainloader
in trainloder
epoch number: 1071
outside trainloader
in trainloder
epoch number: 1072
outside trainloader
in trainloder
epoch number: 1073
outside trainloader
in trainloder
epoch number: 1074
outside trainloader
in trainloder
epoch number: 1075
outside trainloader
in trainloder
epoch number: 1076
outside trainloader
in trainloder
epoch number: 1077
outside trainloader
in trainloder
epoch number: 1078
outside trainloader
in trainloder
epoch number: 1079
outside trainloader
in trainloder
epoch number: 1080
outside trainloader
in trainloder
epoch number: 1081
outside trainloader
in trainloder
epoch number: 1082
outside trainloader
in trainloder
epoch number: 1083
outside trainloader
in trainloder
epoch number: 1084
outside trainloader
in trainloder
epoch number: 1085
outside trainloader
in trainloder
epoch number: 1086
outside trainloader
in trainloder
epoch number: 1087
outside trainloader
in trainloder
epoch number: 1088
outside trainloader
in trainloder
epoch number: 1089
outside trainloader
in trainloder
epoch number: 1090
outside trainloader
in trainloder
epoch number: 1091
outside trainloader
in trainloder
epoch number: 1092
outside trainloader
in trainloder
epoch number: 1093
outside trainloader
in trainloder
epoch number: 1094
outside trainloader
in trainloder
epoch number: 1095
outside trainloader
in trainloder
epoch number: 1096
outside trainloader
in trainloder
epoch number: 1097
outside trainloader
in trainloder
epoch number: 1098
outside trainloader
in trainloder
epoch number: 1099
outside trainloader
in trainloder
checkpoint saved to  ./chkpts/mnist/mnist_1100_0.5.pt
Training completed!
epochs: 1150
Dataset: mnist
Effective batch-size is 128 * 1 = 128.
shape of samples is (64, 1, 32, 32)
synth sampled has length 64
Checkpoint will be saved to /dcs/22/u2211900/ddpm-torch/chkpts/mnist/mnist_1150_0.5.pt every 1150 epoch(s)
Generated images (x64) will be saved to /dcs/22/u2211900/ddpm-torch/images/train/mnist every 10 epoch(s)
starting epoch is 1100
Chekpoint loaded sccessfully from chkpts/mnist/mnist_1100_0.5.pt
cuDNN benchmark: ON
Training starts...
epoch number: 1100
outside trainloader
in trainloder
epoch number: 1101
outside trainloader
in trainloder
epoch number: 1102
outside trainloader
in trainloder
epoch number: 1103
outside trainloader
in trainloder
epoch number: 1104
outside trainloader
in trainloder
epoch number: 1105
outside trainloader
in trainloder
epoch number: 1106
outside trainloader
in trainloder
epoch number: 1107
outside trainloader
in trainloder
epoch number: 1108
outside trainloader
in trainloder
epoch number: 1109
outside trainloader
in trainloder
epoch number: 1110
outside trainloader
in trainloder
epoch number: 1111
outside trainloader
in trainloder
epoch number: 1112
outside trainloader
in trainloder
epoch number: 1113
outside trainloader
in trainloder
epoch number: 1114
outside trainloader
in trainloder
epoch number: 1115
outside trainloader
in trainloder
epoch number: 1116
outside trainloader
in trainloder
epoch number: 1117
outside trainloader
in trainloder
epoch number: 1118
outside trainloader
in trainloder
epoch number: 1119
outside trainloader
in trainloder
epoch number: 1120
outside trainloader
in trainloder
epoch number: 1121
outside trainloader
in trainloder
epoch number: 1122
outside trainloader
in trainloder
epoch number: 1123
outside trainloader
in trainloder
epoch number: 1124
outside trainloader
in trainloder
epoch number: 1125
outside trainloader
in trainloder
epoch number: 1126
outside trainloader
in trainloder
epoch number: 1127
outside trainloader
in trainloder
epoch number: 1128
outside trainloader
in trainloder
epoch number: 1129
outside trainloader
in trainloder
epoch number: 1130
outside trainloader
in trainloder
epoch number: 1131
outside trainloader
in trainloder
epoch number: 1132
outside trainloader
in trainloder
epoch number: 1133
outside trainloader
in trainloder
epoch number: 1134
outside trainloader
in trainloder
epoch number: 1135
outside trainloader
in trainloder
epoch number: 1136
outside trainloader
in trainloder
epoch number: 1137
outside trainloader
in trainloder
epoch number: 1138
outside trainloader
in trainloder
epoch number: 1139
outside trainloader
in trainloder
epoch number: 1140
outside trainloader
in trainloder
epoch number: 1141
outside trainloader
in trainloder
epoch number: 1142
outside trainloader
in trainloder
epoch number: 1143
outside trainloader
in trainloder
epoch number: 1144
outside trainloader
in trainloder
epoch number: 1145
outside trainloader
in trainloder
epoch number: 1146
outside trainloader
in trainloder
epoch number: 1147
outside trainloader
in trainloder
epoch number: 1148
outside trainloader
in trainloder
epoch number: 1149
outside trainloader
in trainloder
checkpoint saved to  ./chkpts/mnist/mnist_1150_0.5.pt
Training completed!
epochs: 1200
Dataset: mnist
Effective batch-size is 128 * 1 = 128.
shape of samples is (64, 1, 32, 32)
synth sampled has length 64
Checkpoint will be saved to /dcs/22/u2211900/ddpm-torch/chkpts/mnist/mnist_1200_0.5.pt every 1200 epoch(s)
Generated images (x64) will be saved to /dcs/22/u2211900/ddpm-torch/images/train/mnist every 10 epoch(s)
starting epoch is 1150
Chekpoint loaded sccessfully from chkpts/mnist/mnist_1150_0.5.pt
cuDNN benchmark: ON
Training starts...
epoch number: 1150
outside trainloader
in trainloder
epoch number: 1151
outside trainloader
in trainloder
epoch number: 1152
outside trainloader
in trainloder
epoch number: 1153
outside trainloader
in trainloder
epoch number: 1154
outside trainloader
in trainloder
epoch number: 1155
outside trainloader
in trainloder
epoch number: 1156
outside trainloader
in trainloder
epoch number: 1157
outside trainloader
in trainloder
epoch number: 1158
outside trainloader
in trainloder
epoch number: 1159
outside trainloader
in trainloder
epoch number: 1160
outside trainloader
in trainloder
epoch number: 1161
outside trainloader
in trainloder
epoch number: 1162
outside trainloader
in trainloder
epoch number: 1163
outside trainloader
in trainloder
epoch number: 1164
outside trainloader
in trainloder
epoch number: 1165
outside trainloader
in trainloder
epoch number: 1166
outside trainloader
in trainloder
epoch number: 1167
outside trainloader
in trainloder
epoch number: 1168
outside trainloader
in trainloder
epoch number: 1169
outside trainloader
in trainloder
epoch number: 1170
outside trainloader
in trainloder
epoch number: 1171
outside trainloader
in trainloder
epoch number: 1172
outside trainloader
in trainloder
epoch number: 1173
outside trainloader
in trainloder
epoch number: 1174
outside trainloader
in trainloder
epoch number: 1175
outside trainloader
in trainloder
epoch number: 1176
outside trainloader
in trainloder
epoch number: 1177
outside trainloader
in trainloder
epoch number: 1178
outside trainloader
in trainloder
epoch number: 1179
outside trainloader
in trainloder
epoch number: 1180
outside trainloader
in trainloder
epoch number: 1181
outside trainloader
in trainloder
epoch number: 1182
outside trainloader
in trainloder
epoch number: 1183
outside trainloader
in trainloder
epoch number: 1184
outside trainloader
in trainloder
epoch number: 1185
outside trainloader
in trainloder
epoch number: 1186
outside trainloader
in trainloder
epoch number: 1187
outside trainloader
in trainloder
epoch number: 1188
outside trainloader
in trainloder
epoch number: 1189
outside trainloader
in trainloder
epoch number: 1190
outside trainloader
in trainloder
epoch number: 1191
outside trainloader
in trainloder
epoch number: 1192
outside trainloader
in trainloder
epoch number: 1193
outside trainloader
in trainloder
epoch number: 1194
outside trainloader
in trainloder
epoch number: 1195
outside trainloader
in trainloder
epoch number: 1196
outside trainloader
in trainloder
epoch number: 1197
outside trainloader
in trainloder
epoch number: 1198
outside trainloader
in trainloder
epoch number: 1199
outside trainloader
in trainloder
checkpoint saved to  ./chkpts/mnist/mnist_1200_0.5.pt
Training completed!
