usage: main.py [-h] [--config-path CONFIG_PATH] [--exp-name EXP_NAME]
               [--dataset {mnist,cifar10,celeba,celeba_hq}] [--root ROOT]
               [--epochs EPOCHS] [--lr LR] [--beta1 BETA1] [--beta2 BETA2]
               [--batch-size BATCH_SIZE] [--num-accum NUM_ACCUM]
               [--block-size BLOCK_SIZE] [--timesteps TIMESTEPS]
               [--beta-schedule {quad,linear,warmup10,warmup50,jsd}]
               [--beta-start BETA_START] [--beta-end BETA_END]
               [--model-mean-type {mean,x_0,eps}]
               [--model-var-type {learned,fixed-small,fixed-large}]
               [--loss-type {kl,mse}] [--num-workers NUM_WORKERS]
               [--train-device TRAIN_DEVICE] [--eval-device EVAL_DEVICE]
               [--image-dir IMAGE_DIR] [--image-intv IMAGE_INTV]
               [--num-samples NUM_SAMPLES] [--config-dir CONFIG_DIR]
               [--chkpt-dir CHKPT_DIR] [--chkpt-name CHKPT_NAME]
               [--chkpt-intv CHKPT_INTV] [--seed SEED] [--resume]
               [--chkpt-path CHKPT_PATH] [--eval]
               [--eval-total-size EVAL_TOTAL_SIZE]
               [--eval-batch-size EVAL_BATCH_SIZE] [--use-ema] [--use-ddim]
               [--skip-schedule {linear,quadratic}]
               [--subseq-size SUBSEQ_SIZE] [--ema-decay EMA_DECAY]
               [--distributed] [--rigid-launch] [--num-gpus NUM_GPUS]
               [--dry-run]
main.py: error: argument --config-path: expected one argument
