  0%|          | 0/30 [00:00<?, ?it/s]
  0%|          | 0/11 [00:00<?, ?it/s][A  0%|          | 0/11 [02:09<?, ?it/s]
Traceback (most recent call last):
  File "/dcs/22/u2211900/ddpm-torch/new_scripts/evaluate.py", line 38, in main
    state = knn_precision_recall_features(data.data, synth)
  File "/dcs/22/u2211900/ddpm-torch/new_scripts/evaluate.py", line 78, in knn_precision_recall_features
    ref_manifold = ManifoldEstimator(distance_block, ref_features, row_batch_size, col_batch_size, nhood_sizes)
  File "/dcs/22/u2211900/ddpm-torch/new_scripts/evaluate.py", line 140, in __init__
    distance_batch[0:end1-begin1, begin2:end2] = self._distance_block.pairwise_distances(row_batch, col_batch)
  File "/dcs/22/u2211900/ddpm-torch/new_scripts/evaluate.py", line 216, in pairwise_distances
    return batch_pairwise_distances(U, V)
  File "/dcs/22/u2211900/ddpm-torch/new_scripts/evaluate.py", line 222, in batch_pairwise_distances
    norm_u = torch.sum(U**2, 1)
TypeError: sum() received an invalid combination of arguments - got (numpy.ndarray, int), but expected one of:
 * (Tensor input, *, torch.dtype dtype)
 * (Tensor input, tuple of ints dim, bool keepdim, *, torch.dtype dtype, Tensor out)
 * (Tensor input, tuple of names dim, bool keepdim, *, torch.dtype dtype, Tensor out)

  3%|▎         | 1/30 [02:09<1:02:49, 129.97s/it]
  0%|          | 0/11 [00:00<?, ?it/s][A  0%|          | 0/11 [02:02<?, ?it/s]
Traceback (most recent call last):
  File "/dcs/22/u2211900/ddpm-torch/new_scripts/evaluate.py", line 38, in main
    state = knn_precision_recall_features(data.data, synth)
  File "/dcs/22/u2211900/ddpm-torch/new_scripts/evaluate.py", line 78, in knn_precision_recall_features
    ref_manifold = ManifoldEstimator(distance_block, ref_features, row_batch_size, col_batch_size, nhood_sizes)
  File "/dcs/22/u2211900/ddpm-torch/new_scripts/evaluate.py", line 140, in __init__
    distance_batch[0:end1-begin1, begin2:end2] = self._distance_block.pairwise_distances(row_batch, col_batch)
  File "/dcs/22/u2211900/ddpm-torch/new_scripts/evaluate.py", line 216, in pairwise_distances
    return batch_pairwise_distances(U, V)
  File "/dcs/22/u2211900/ddpm-torch/new_scripts/evaluate.py", line 222, in batch_pairwise_distances
    norm_u = torch.sum(U**2, 1)
TypeError: sum() received an invalid combination of arguments - got (numpy.ndarray, int), but expected one of:
 * (Tensor input, *, torch.dtype dtype)
 * (Tensor input, tuple of ints dim, bool keepdim, *, torch.dtype dtype, Tensor out)
 * (Tensor input, tuple of names dim, bool keepdim, *, torch.dtype dtype, Tensor out)

  7%|▋         | 2/30 [04:12<58:44, 125.87s/it]  
  0%|          | 0/11 [00:00<?, ?it/s][A  0%|          | 0/11 [02:10<?, ?it/s]
Traceback (most recent call last):
  File "/dcs/22/u2211900/ddpm-torch/new_scripts/evaluate.py", line 38, in main
    state = knn_precision_recall_features(data.data, synth)
  File "/dcs/22/u2211900/ddpm-torch/new_scripts/evaluate.py", line 78, in knn_precision_recall_features
    ref_manifold = ManifoldEstimator(distance_block, ref_features, row_batch_size, col_batch_size, nhood_sizes)
  File "/dcs/22/u2211900/ddpm-torch/new_scripts/evaluate.py", line 140, in __init__
    distance_batch[0:end1-begin1, begin2:end2] = self._distance_block.pairwise_distances(row_batch, col_batch)
  File "/dcs/22/u2211900/ddpm-torch/new_scripts/evaluate.py", line 216, in pairwise_distances
    return batch_pairwise_distances(U, V)
  File "/dcs/22/u2211900/ddpm-torch/new_scripts/evaluate.py", line 222, in batch_pairwise_distances
    norm_u = torch.sum(U**2, 1)
TypeError: sum() received an invalid combination of arguments - got (numpy.ndarray, int), but expected one of:
 * (Tensor input, *, torch.dtype dtype)
 * (Tensor input, tuple of ints dim, bool keepdim, *, torch.dtype dtype, Tensor out)
 * (Tensor input, tuple of names dim, bool keepdim, *, torch.dtype dtype, Tensor out)

 10%|█         | 3/30 [06:23<57:32, 127.87s/it]
  0%|          | 0/11 [00:00<?, ?it/s][Aslurmstepd: error: *** JOB 1027952 ON gecko-02 CANCELLED AT 2025-01-26T02:00:09 ***
