Traceback (most recent call last):
  File "<string>", line 1, in <module>
Traceback (most recent call last):
  File "<string>", line 1, in <module>
  File "/usr/lib64/python3.9/multiprocessing/spawn.py", line 116, in spawn_main
  File "/usr/lib64/python3.9/multiprocessing/spawn.py", line 116, in spawn_main
    exitcode = _main(fd, parent_sentinel)
    exitcode = _main(fd, parent_sentinel)
  File "/usr/lib64/python3.9/multiprocessing/spawn.py", line 125, in _main
  File "/usr/lib64/python3.9/multiprocessing/spawn.py", line 125, in _main
    prepare(preparation_data)
  File "/usr/lib64/python3.9/multiprocessing/spawn.py", line 236, in prepare
    prepare(preparation_data)
  File "/usr/lib64/python3.9/multiprocessing/spawn.py", line 236, in prepare
    _fixup_main_from_path(data['init_main_from_path'])
  File "/usr/lib64/python3.9/multiprocessing/spawn.py", line 287, in _fixup_main_from_path
    _fixup_main_from_path(data['init_main_from_path'])
  File "/usr/lib64/python3.9/multiprocessing/spawn.py", line 287, in _fixup_main_from_path
    main_content = runpy.run_path(main_path,
  File "/usr/lib64/python3.9/runpy.py", line 288, in run_path
    main_content = runpy.run_path(main_path,
  File "/usr/lib64/python3.9/runpy.py", line 288, in run_path
    return _run_module_code(code, init_globals, run_name,
  File "/usr/lib64/python3.9/runpy.py", line 97, in _run_module_code
    return _run_module_code(code, init_globals, run_name,
  File "/usr/lib64/python3.9/runpy.py", line 97, in _run_module_code
    _run_code(code, mod_globals, init_globals,
  File "/usr/lib64/python3.9/runpy.py", line 87, in _run_code
    _run_code(code, mod_globals, init_globals,
  File "/usr/lib64/python3.9/runpy.py", line 87, in _run_code
    exec(code, run_globals)
  File "/dcs/22/u2211900/ddpm-torch/main.py", line 3, in <module>
    exec(code, run_globals)
  File "/dcs/22/u2211900/ddpm-torch/main.py", line 3, in <module>
    train()
  File "/dcs/22/u2211900/.local/lib/python3.9/site-packages/torch/distributed/elastic/multiprocessing/errors/__init__.py", line 347, in wrapper
    train()
  File "/dcs/22/u2211900/.local/lib/python3.9/site-packages/torch/distributed/elastic/multiprocessing/errors/__init__.py", line 347, in wrapper
    return f(*args, **kwargs)
  File "/dcs/22/u2211900/ddpm-torch/old_scripts/train.py", line 292, in main
    return f(*args, **kwargs)
  File "/dcs/22/u2211900/ddpm-torch/old_scripts/train.py", line 292, in main
    mp.set_start_method("spawn")
  File "/usr/lib64/python3.9/multiprocessing/context.py", line 243, in set_start_method
    mp.set_start_method("spawn")
  File "/usr/lib64/python3.9/multiprocessing/context.py", line 243, in set_start_method
    raise RuntimeError('context has already been set')
    raise RuntimeError('context has already been set')
RuntimeError: context has already been set
RuntimeError: context has already been set
Traceback (most recent call last):
  File "<string>", line 1, in <module>
  File "/usr/lib64/python3.9/multiprocessing/spawn.py", line 116, in spawn_main
    exitcode = _main(fd, parent_sentinel)
  File "/usr/lib64/python3.9/multiprocessing/spawn.py", line 125, in _main
    prepare(preparation_data)
  File "/usr/lib64/python3.9/multiprocessing/spawn.py", line 236, in prepare
    _fixup_main_from_path(data['init_main_from_path'])
  File "/usr/lib64/python3.9/multiprocessing/spawn.py", line 287, in _fixup_main_from_path
    main_content = runpy.run_path(main_path,
  File "/usr/lib64/python3.9/runpy.py", line 288, in run_path
    return _run_module_code(code, init_globals, run_name,
  File "/usr/lib64/python3.9/runpy.py", line 97, in _run_module_code
    _run_code(code, mod_globals, init_globals,
  File "/usr/lib64/python3.9/runpy.py", line 87, in _run_code
    exec(code, run_globals)
  File "/dcs/22/u2211900/ddpm-torch/main.py", line 3, in <module>
    train()
  File "/dcs/22/u2211900/.local/lib/python3.9/site-packages/torch/distributed/elastic/multiprocessing/errors/__init__.py", line 347, in wrapper
    return f(*args, **kwargs)
  File "/dcs/22/u2211900/ddpm-torch/old_scripts/train.py", line 292, in main
    mp.set_start_method("spawn")
  File "/usr/lib64/python3.9/multiprocessing/context.py", line 243, in set_start_method
    raise RuntimeError('context has already been set')
RuntimeError: context has already been set
W0120 08:09:53.036701 140390366807872 torch/multiprocessing/spawn.py:145] Terminating process 3016595 via signal SIGTERM
W0120 08:09:53.037389 140390366807872 torch/multiprocessing/spawn.py:145] Terminating process 3016596 via signal SIGTERM
Traceback (most recent call last):
  File "/dcs/22/u2211900/ddpm-torch/main.py", line 3, in <module>
    train()
  File "/dcs/22/u2211900/.local/lib/python3.9/site-packages/torch/distributed/elastic/multiprocessing/errors/__init__.py", line 347, in wrapper
    return f(*args, **kwargs)
  File "/dcs/22/u2211900/ddpm-torch/old_scripts/train.py", line 294, in main
    mp.spawn(train, args=(args, temp_dir), nprocs=args.num_gpus)
  File "/dcs/22/u2211900/.local/lib/python3.9/site-packages/torch/multiprocessing/spawn.py", line 281, in spawn
    return start_processes(fn, args, nprocs, join, daemon, start_method="spawn")
  File "/dcs/22/u2211900/.local/lib/python3.9/site-packages/torch/multiprocessing/spawn.py", line 237, in start_processes
    while not context.join():
  File "/dcs/22/u2211900/.local/lib/python3.9/site-packages/torch/multiprocessing/spawn.py", line 177, in join
    raise ProcessExitedException(
torch.multiprocessing.spawn.ProcessExitedException: process 2 terminated with exit code 1
