  0%|          | 0/5 [00:00<?, ?it/s]  0%|          | 0/5 [01:46<?, ?it/s]
Traceback (most recent call last):
  File "/dcs/22/u2211900/ddpm-torch/main.py", line 5, in <module>
    train()
  File "/dcs/22/u2211900/ddpm-torch/new_scripts/mnist.py", line 29, in main
    Algorithm(training_iterations=5, l=1.0, path="images/train/experiment13/full/")
  File "/dcs/22/u2211900/ddpm-torch/new_scripts/mnist.py", line 25, in Algorithm
    synth = learn(synth, l, epochs=50)
  File "/dcs/22/u2211900/.local/lib/python3.9/site-packages/torch/distributed/elastic/multiprocessing/errors/__init__.py", line 347, in wrapper
    return f(*args, **kwargs)
  File "/dcs/22/u2211900/ddpm-torch/old_scripts/train.py", line 325, in main
    synth = train(args=args, synth=synth, l=l)
  File "/dcs/22/u2211900/ddpm-torch/old_scripts/train.py", line 139, in train
    trainloader, sampler = get_dataloader(
  File "/dcs/22/u2211900/ddpm-torch/ddpm_torch/datasets.py", line 261, in get_dataloader
    json.dump(current_iterated_retraining_config, open("current_iterated_retraining_config.json", "w"))
  File "/usr/lib64/python3.9/json/__init__.py", line 179, in dump
    for chunk in iterable:
  File "/usr/lib64/python3.9/json/encoder.py", line 431, in _iterencode
    yield from _iterencode_dict(o, _current_indent_level)
  File "/usr/lib64/python3.9/json/encoder.py", line 405, in _iterencode_dict
    yield from chunks
  File "/usr/lib64/python3.9/json/encoder.py", line 438, in _iterencode
    o = _default(o)
  File "/usr/lib64/python3.9/json/encoder.py", line 179, in default
    raise TypeError(f'Object of type {o.__class__.__name__} '
TypeError: Object of type ndarray is not JSON serializable
